10.240.1.99 - - [13/Mar/2018:09:07:41 +0000] "POST /phpmyadmin/tbl_addfield.php HTTP/1.1" 200 2811 "https://php-mysql-jolicoeur.c9users.io/phpmyadmin/index.php?token=f7d1685f26269e0484527af86785fe64" "Mozilla/5.0 (Windows NT 10.0; Win64; x64) AppleWebKit/537.36 (KHTML, like Gecko) Chrome/63.0.3239.132 Safari/537.36"
10.240.0.187 - - [13/Mar/2018:09:07:41 +0000] "POST /phpmyadmin/index.php?token=f7d1685f26269e0484527af86785fe64 HTTP/1.1" 200 33984 "https://php-mysql-jolicoeur.c9users.io/phpmyadmin/index.php?token=f7d1685f26269e0484527af86785fe64" "Mozilla/5.0 (Windows NT 10.0; Win64; x64) AppleWebKit/537.36 (KHTML, like Gecko) Chrome/63.0.3239.132 Safari/537.36"
10.240.0.185 - - [13/Mar/2018:09:07:42 +0000] "POST /phpmyadmin/navigation.php?ajax_request=1&token=f7d1685f26269e0484527af86785fe64 HTTP/1.1" 200 17820 "https://php-mysql-jolicoeur.c9users.io/phpmyadmin/index.php?token=f7d1685f26269e0484527af86785fe64" "Mozilla/5.0 (Windows NT 10.0; Win64; x64) AppleWebKit/537.36 (KHTML, like Gecko) Chrome/63.0.3239.132 Safari/537.36"
10.240.0.187 - - [13/Mar/2018:09:07:46 +0000] "GET /phpmyadmin/index.php?ajax_request=1&recent_table=1&token=f7d1685f26269e0484527af86785fe64 HTTP/1.1" 200 969 "https://php-mysql-jolicoeur.c9users.io/phpmyadmin/index.php?token=f7d1685f26269e0484527af86785fe64" "Mozilla/5.0 (Windows NT 10.0; Win64; x64) AppleWebKit/537.36 (KHTML, like Gecko) Chrome/63.0.3239.132 Safari/537.36"
10.240.0.222 - - [13/Mar/2018:09:07:56 +0000] "GET /phpmyadmin/tbl_addfield.php?server=1&db=bibliotheek&table=test&field_where=last&after_field=&token=f7d1685f26269e0484527af86785fe64&ajax_request=true&ajax_page_request=true&menuHashes=5422a10b-a2cf17d3-114e2b84-19611cdc-3e7b4b87-1e8b61ea-c215d40b&_nocache=1520932296208669544 HTTP/1.1" 200 43810 "https://php-mysql-jolicoeur.c9users.io/phpmyadmin/index.php?token=f7d1685f26269e0484527af86785fe64" "Mozilla/5.0 (Windows NT 10.0; Win64; x64) AppleWebKit/537.36 (KHTML, like Gecko) Chrome/63.0.3239.132 Safari/537.36"
10.240.0.187 - - [13/Mar/2018:09:07:56 +0000] "GET /phpmyadmin/index.php?ajax_request=1&recent_table=1&token=f7d1685f26269e0484527af86785fe64 HTTP/1.1" 200 969 "https://php-mysql-jolicoeur.c9users.io/phpmyadmin/index.php?token=f7d1685f26269e0484527af86785fe64" "Mozilla/5.0 (Windows NT 10.0; Win64; x64) AppleWebKit/537.36 (KHTML, like Gecko) Chrome/63.0.3239.132 Safari/537.36"
10.240.1.97 - - [13/Mar/2018:09:08:08 +0000] "POST /phpmyadmin/tbl_addfield.php HTTP/1.1" 200 2936 "https://php-mysql-jolicoeur.c9users.io/phpmyadmin/index.php?token=f7d1685f26269e0484527af86785fe64" "Mozilla/5.0 (Windows NT 10.0; Win64; x64) AppleWebKit/537.36 (KHTML, like Gecko) Chrome/63.0.3239.132 Safari/537.36"
10.240.0.222 - - [13/Mar/2018:09:08:09 +0000] "POST /phpmyadmin/index.php?token=f7d1685f26269e0484527af86785fe64 HTTP/1.1" 200 33984 "https://php-mysql-jolicoeur.c9users.io/phpmyadmin/index.php?token=f7d1685f26269e0484527af86785fe64" "Mozilla/5.0 (Windows NT 10.0; Win64; x64) AppleWebKit/537.36 (KHTML, like Gecko) Chrome/63.0.3239.132 Safari/537.36"
10.240.0.227 - - [13/Mar/2018:09:08:09 +0000] "POST /phpmyadmin/navigation.php?ajax_request=1&token=f7d1685f26269e0484527af86785fe64 HTTP/1.1" 200 18483 "https://php-mysql-jolicoeur.c9users.io/phpmyadmin/index.php?token=f7d1685f26269e0484527af86785fe64" "Mozilla/5.0 (Windows NT 10.0; Win64; x64) AppleWebKit/537.36 (KHTML, like Gecko) Chrome/63.0.3239.132 Safari/537.36"
10.240.0.222 - - [13/Mar/2018:09:08:13 +0000] "GET /phpmyadmin/tbl_structure.php?server=1&db=bibliotheek&table=test&field=tussenvoegsels&change_column=1&token=f7d1685f26269e0484527af86785fe64&ajax_request=true&ajax_page_request=true&menuHashes=5422a10b-a2cf17d3-114e2b84-19611cdc-3e7b4b87-1e8b61ea-c215d40b&_nocache=1520932313093652267 HTTP/1.1" 200 44140 "https://php-mysql-jolicoeur.c9users.io/phpmyadmin/index.php?token=f7d1685f26269e0484527af86785fe64" "Mozilla/5.0 (Windows NT 10.0; Win64; x64) AppleWebKit/537.36 (KHTML, like Gecko) Chrome/63.0.3239.132 Safari/537.36"
10.240.0.222 - - [13/Mar/2018:09:08:13 +0000] "GET /phpmyadmin/index.php?ajax_request=1&recent_table=1&token=f7d1685f26269e0484527af86785fe64 HTTP/1.1" 200 969 "https://php-mysql-jolicoeur.c9users.io/phpmyadmin/index.php?token=f7d1685f26269e0484527af86785fe64" "Mozilla/5.0 (Windows NT 10.0; Win64; x64) AppleWebKit/537.36 (KHTML, like Gecko) Chrome/63.0.3239.132 Safari/537.36"
10.240.0.227 - - [13/Mar/2018:09:08:26 +0000] "GET /phpmyadmin/tbl_addfield.php?server=1&db=bibliotheek&table=test&field_where=last&after_field=&token=f7d1685f26269e0484527af86785fe64&ajax_request=true&ajax_page_request=true&menuHashes=5422a10b-a2cf17d3-114e2b84-19611cdc-3e7b4b87-1e8b61ea-c215d40b&_nocache=1520932326726980991 HTTP/1.1" 200 43810 "https://php-mysql-jolicoeur.c9users.io/phpmyadmin/index.php?token=f7d1685f26269e0484527af86785fe64" "Mozilla/5.0 (Windows NT 10.0; Win64; x64) AppleWebKit/537.36 (KHTML, like Gecko) Chrome/63.0.3239.132 Safari/537.36"
10.240.0.88 - - [13/Mar/2018:09:08:27 +0000] "GET /phpmyadmin/index.php?ajax_request=1&recent_table=1&token=f7d1685f26269e0484527af86785fe64 HTTP/1.1" 200 969 "https://php-mysql-jolicoeur.c9users.io/phpmyadmin/index.php?token=f7d1685f26269e0484527af86785fe64" "Mozilla/5.0 (Windows NT 10.0; Win64; x64) AppleWebKit/537.36 (KHTML, like Gecko) Chrome/63.0.3239.132 Safari/537.36"
10.240.0.185 - - [13/Mar/2018:09:08:39 +0000] "POST /phpmyadmin/tbl_addfield.php HTTP/1.1" 200 2916 "https://php-mysql-jolicoeur.c9users.io/phpmyadmin/index.php?token=f7d1685f26269e0484527af86785fe64" "Mozilla/5.0 (Windows NT 10.0; Win64; x64) AppleWebKit/537.36 (KHTML, like Gecko) Chrome/63.0.3239.132 Safari/537.36"
10.240.0.222 - - [13/Mar/2018:09:08:40 +0000] "POST /phpmyadmin/index.php?token=f7d1685f26269e0484527af86785fe64 HTTP/1.1" 200 33984 "https://php-mysql-jolicoeur.c9users.io/phpmyadmin/index.php?token=f7d1685f26269e0484527af86785fe64" "Mozilla/5.0 (Windows NT 10.0; Win64; x64) AppleWebKit/537.36 (KHTML, like Gecko) Chrome/63.0.3239.132 Safari/537.36"
10.240.0.187 - - [13/Mar/2018:09:08:40 +0000] "POST /phpmyadmin/navigation.php?ajax_request=1&token=f7d1685f26269e0484527af86785fe64 HTTP/1.1" 200 19134 "https://php-mysql-jolicoeur.c9users.io/phpmyadmin/index.php?token=f7d1685f26269e0484527af86785fe64" "Mozilla/5.0 (Windows NT 10.0; Win64; x64) AppleWebKit/537.36 (KHTML, like Gecko) Chrome/63.0.3239.132 Safari/537.36"
10.240.0.87 - - [13/Mar/2018:09:08:44 +0000] "GET /phpmyadmin/tbl_structure.php?server=1&db=bibliotheek&table=test&token=f7d1685f26269e0484527af86785fe64&ajax_request=true&ajax_page_request=true&menuHashes=5422a10b-a2cf17d3-114e2b84-19611cdc-3e7b4b87-1e8b61ea-c215d40b&_nocache=1520932343445338760 HTTP/1.1" 200 38886 "https://php-mysql-jolicoeur.c9users.io/phpmyadmin/index.php?token=f7d1685f26269e0484527af86785fe64" "Mozilla/5.0 (Windows NT 10.0; Win64; x64) AppleWebKit/537.36 (KHTML, like Gecko) Chrome/63.0.3239.132 Safari/537.36"
10.240.1.99 - - [13/Mar/2018:09:08:45 +0000] "GET /phpmyadmin/index.php?ajax_request=1&recent_table=1&token=f7d1685f26269e0484527af86785fe64 HTTP/1.1" 200 969 "https://php-mysql-jolicoeur.c9users.io/phpmyadmin/index.php?token=f7d1685f26269e0484527af86785fe64" "Mozilla/5.0 (Windows NT 10.0; Win64; x64) AppleWebKit/537.36 (KHTML, like Gecko) Chrome/63.0.3239.132 Safari/537.36"
10.240.0.239 - - [13/Mar/2018:09:08:48 +0000] "GET /phpmyadmin/tbl_addfield.php?server=1&db=bibliotheek&table=test&field_where=last&after_field=&token=f7d1685f26269e0484527af86785fe64&ajax_request=true&ajax_page_request=true&menuHashes=5422a10b-a2cf17d3-114e2b84-19611cdc-3e7b4b87-1e8b61ea-c215d40b&_nocache=1520932347308453938 HTTP/1.1" 200 43810 "https://php-mysql-jolicoeur.c9users.io/phpmyadmin/index.php?token=f7d1685f26269e0484527af86785fe64" "Mozilla/5.0 (Windows NT 10.0; Win64; x64) AppleWebKit/537.36 (KHTML, like Gecko) Chrome/63.0.3239.132 Safari/537.36"
10.240.0.187 - - [13/Mar/2018:09:08:48 +0000] "GET /phpmyadmin/index.php?ajax_request=1&recent_table=1&token=f7d1685f26269e0484527af86785fe64 HTTP/1.1" 200 969 "https://php-mysql-jolicoeur.c9users.io/phpmyadmin/index.php?token=f7d1685f26269e0484527af86785fe64" "Mozilla/5.0 (Windows NT 10.0; Win64; x64) AppleWebKit/537.36 (KHTML, like Gecko) Chrome/63.0.3239.132 Safari/537.36"
10.240.0.222 - - [13/Mar/2018:09:09:06 +0000] "POST /phpmyadmin/tbl_addfield.php HTTP/1.1" 200 2680 "https://php-mysql-jolicoeur.c9users.io/phpmyadmin/index.php?token=f7d1685f26269e0484527af86785fe64" "Mozilla/5.0 (Windows NT 10.0; Win64; x64) AppleWebKit/537.36 (KHTML, like Gecko) Chrome/63.0.3239.132 Safari/537.36"
10.240.1.99 - - [13/Mar/2018:09:09:06 +0000] "POST /phpmyadmin/index.php?token=f7d1685f26269e0484527af86785fe64 HTTP/1.1" 200 33984 "https://php-mysql-jolicoeur.c9users.io/phpmyadmin/index.php?token=f7d1685f26269e0484527af86785fe64" "Mozilla/5.0 (Windows NT 10.0; Win64; x64) AppleWebKit/537.36 (KHTML, like Gecko) Chrome/63.0.3239.132 Safari/537.36"
10.240.0.90 - - [13/Mar/2018:09:09:07 +0000] "POST /phpmyadmin/navigation.php?ajax_request=1&token=f7d1685f26269e0484527af86785fe64 HTTP/1.1" 200 19134 "https://php-mysql-jolicoeur.c9users.io/phpmyadmin/index.php?token=f7d1685f26269e0484527af86785fe64" "Mozilla/5.0 (Windows NT 10.0; Win64; x64) AppleWebKit/537.36 (KHTML, like Gecko) Chrome/63.0.3239.132 Safari/537.36"
10.240.0.88 - - [13/Mar/2018:09:09:20 +0000] "GET /phpmyadmin/tbl_structure.php?server=1&db=bibliotheek&table=test&token=f7d1685f26269e0484527af86785fe64&ajax_request=true&ajax_page_request=true&menuHashes=5422a10b-a2cf17d3-114e2b84-19611cdc-3e7b4b87-1e8b61ea-c215d40b&_nocache=152093238038945602 HTTP/1.1" 200 38886 "https://php-mysql-jolicoeur.c9users.io/phpmyadmin/index.php?token=f7d1685f26269e0484527af86785fe64" "Mozilla/5.0 (Windows NT 10.0; Win64; x64) AppleWebKit/537.36 (KHTML, like Gecko) Chrome/63.0.3239.132 Safari/537.36"
10.240.0.227 - - [13/Mar/2018:09:09:21 +0000] "GET /phpmyadmin/index.php?ajax_request=1&recent_table=1&token=f7d1685f26269e0484527af86785fe64 HTTP/1.1" 200 969 "https://php-mysql-jolicoeur.c9users.io/phpmyadmin/index.php?token=f7d1685f26269e0484527af86785fe64" "Mozilla/5.0 (Windows NT 10.0; Win64; x64) AppleWebKit/537.36 (KHTML, like Gecko) Chrome/63.0.3239.132 Safari/537.36"
10.240.0.185 - - [13/Mar/2018:09:09:29 +0000] "GET /phpmyadmin/tbl_structure.php?server=1&db=bibliotheek&table=test&field=ID&change_column=1&token=f7d1685f26269e0484527af86785fe64&ajax_request=true&ajax_page_request=true&menuHashes=5422a10b-a2cf17d3-114e2b84-19611cdc-3e7b4b87-1e8b61ea-c215d40b&_nocache=1520932389201599290 HTTP/1.1" 200 44166 "https://php-mysql-jolicoeur.c9users.io/phpmyadmin/index.php?token=f7d1685f26269e0484527af86785fe64" "Mozilla/5.0 (Windows NT 10.0; Win64; x64) AppleWebKit/537.36 (KHTML, like Gecko) Chrome/63.0.3239.132 Safari/537.36"
10.240.1.97 - - [13/Mar/2018:09:09:30 +0000] "GET /phpmyadmin/index.php?ajax_request=1&recent_table=1&token=f7d1685f26269e0484527af86785fe64 HTTP/1.1" 200 969 "https://php-mysql-jolicoeur.c9users.io/phpmyadmin/index.php?token=f7d1685f26269e0484527af86785fe64" "Mozilla/5.0 (Windows NT 10.0; Win64; x64) AppleWebKit/537.36 (KHTML, like Gecko) Chrome/63.0.3239.132 Safari/537.36"
10.240.1.97 - - [13/Mar/2018:09:09:40 +0000] "GET /phpmyadmin/tbl_structure.php?server=1&db=bibliotheek&table=test&token=f7d1685f26269e0484527af86785fe64&ajax_request=true&ajax_page_request=true&menuHashes=5422a10b-a2cf17d3-114e2b84-19611cdc-3e7b4b87-1e8b61ea-c215d40b&_nocache=1520932400190890380 HTTP/1.1" 200 38886 "https://php-mysql-jolicoeur.c9users.io/phpmyadmin/index.php?token=f7d1685f26269e0484527af86785fe64" "Mozilla/5.0 (Windows NT 10.0; Win64; x64) AppleWebKit/537.36 (KHTML, like Gecko) Chrome/63.0.3239.132 Safari/537.36"
10.240.1.220 - - [13/Mar/2018:09:09:41 +0000] "GET /phpmyadmin/index.php?ajax_request=1&recent_table=1&token=f7d1685f26269e0484527af86785fe64 HTTP/1.1" 200 969 "https://php-mysql-jolicoeur.c9users.io/phpmyadmin/index.php?token=f7d1685f26269e0484527af86785fe64" "Mozilla/5.0 (Windows NT 10.0; Win64; x64) AppleWebKit/537.36 (KHTML, like Gecko) Chrome/63.0.3239.132 Safari/537.36"
10.240.1.99 - - [13/Mar/2018:09:09:43 +0000] "GET /phpmyadmin/tbl_addfield.php?server=1&db=bibliotheek&table=test&field_where=last&after_field=&token=f7d1685f26269e0484527af86785fe64&ajax_request=true&ajax_page_request=true&menuHashes=5422a10b-a2cf17d3-114e2b84-19611cdc-3e7b4b87-1e8b61ea-c215d40b&_nocache=1520932403771101283 HTTP/1.1" 200 43810 "https://php-mysql-jolicoeur.c9users.io/phpmyadmin/index.php?token=f7d1685f26269e0484527af86785fe64" "Mozilla/5.0 (Windows NT 10.0; Win64; x64) AppleWebKit/537.36 (KHTML, like Gecko) Chrome/63.0.3239.132 Safari/537.36"
10.240.1.220 - - [13/Mar/2018:09:09:44 +0000] "GET /phpmyadmin/index.php?ajax_request=1&recent_table=1&token=f7d1685f26269e0484527af86785fe64 HTTP/1.1" 200 969 "https://php-mysql-jolicoeur.c9users.io/phpmyadmin/index.php?token=f7d1685f26269e0484527af86785fe64" "Mozilla/5.0 (Windows NT 10.0; Win64; x64) AppleWebKit/537.36 (KHTML, like Gecko) Chrome/63.0.3239.132 Safari/537.36"
10.240.0.227 - - [13/Mar/2018:09:10:00 +0000] "POST /phpmyadmin/tbl_addfield.php HTTP/1.1" 200 3009 "https://php-mysql-jolicoeur.c9users.io/phpmyadmin/index.php?token=f7d1685f26269e0484527af86785fe64" "Mozilla/5.0 (Windows NT 10.0; Win64; x64) AppleWebKit/537.36 (KHTML, like Gecko) Chrome/63.0.3239.132 Safari/537.36"
10.240.1.97 - - [13/Mar/2018:09:10:01 +0000] "POST /phpmyadmin/index.php?token=f7d1685f26269e0484527af86785fe64 HTTP/1.1" 200 33984 "https://php-mysql-jolicoeur.c9users.io/phpmyadmin/index.php?token=f7d1685f26269e0484527af86785fe64" "Mozilla/5.0 (Windows NT 10.0; Win64; x64) AppleWebKit/537.36 (KHTML, like Gecko) Chrome/63.0.3239.132 Safari/537.36"
10.240.0.239 - - [13/Mar/2018:09:10:01 +0000] "POST /phpmyadmin/navigation.php?ajax_request=1&token=f7d1685f26269e0484527af86785fe64 HTTP/1.1" 200 19134 "https://php-mysql-jolicoeur.c9users.io/phpmyadmin/index.php?token=f7d1685f26269e0484527af86785fe64" "Mozilla/5.0 (Windows NT 10.0; Win64; x64) AppleWebKit/537.36 (KHTML, like Gecko) Chrome/63.0.3239.132 Safari/537.36"
10.240.0.88 - - [13/Mar/2018:09:13:19 +0000] "GET / HTTP/1.1" 200 1294 "-" "Mozilla/5.0 (Windows NT 10.0; Win64; x64) AppleWebKit/537.36 (KHTML, like Gecko) Chrome/63.0.3239.132 Safari/537.36"
10.240.0.90 - - [13/Mar/2018:09:13:32 +0000] "POST /auteurinvoer_verw.php HTTP/1.1" 200 341 "https://php-mysql-jolicoeur.c9users.io/auteurinvoer.html" "Mozilla/5.0 (Windows NT 10.0; Win64; x64) AppleWebKit/537.36 (KHTML, like Gecko) Chrome/63.0.3239.132 Safari/537.36"
10.240.1.97 - - [13/Mar/2018:09:13:37 +0000] "GET /phpmyadmin/sql.php?server=1&db=bibliotheek&table=test&pos=0&token=f7d1685f26269e0484527af86785fe64&ajax_request=true&ajax_page_request=true&menuHashes=5422a10b-a2cf17d3-114e2b84-19611cdc-3e7b4b87-1e8b61ea-c215d40b&_nocache=1520932637062411356 HTTP/1.1" 200 36820 "https://php-mysql-jolicoeur.c9users.io/phpmyadmin/index.php?token=f7d1685f26269e0484527af86785fe64" "Mozilla/5.0 (Windows NT 10.0; Win64; x64) AppleWebKit/537.36 (KHTML, like Gecko) Chrome/63.0.3239.132 Safari/537.36"
10.240.0.187 - - [13/Mar/2018:09:13:38 +0000] "GET /phpmyadmin/index.php?ajax_request=1&recent_table=1&token=f7d1685f26269e0484527af86785fe64 HTTP/1.1" 200 969 "https://php-mysql-jolicoeur.c9users.io/phpmyadmin/index.php?token=f7d1685f26269e0484527af86785fe64" "Mozilla/5.0 (Windows NT 10.0; Win64; x64) AppleWebKit/537.36 (KHTML, like Gecko) Chrome/63.0.3239.132 Safari/537.36"
10.240.0.87 - - [13/Mar/2018:09:13:48 +0000] "GET / HTTP/1.1" 200 1294 "-" "Mozilla/5.0 (Windows NT 10.0; Win64; x64) AppleWebKit/537.36 (KHTML, like Gecko) Chrome/63.0.3239.132 Safari/537.36"
10.240.0.87 - - [13/Mar/2018:09:14:13 +0000] "POST /auteurinvoer_verw.php HTTP/1.1" 200 341 "https://php-mysql-jolicoeur.c9users.io/auteurinvoer.html" "Mozilla/5.0 (Windows NT 10.0; Win64; x64) AppleWebKit/537.36 (KHTML, like Gecko) Chrome/63.0.3239.132 Safari/537.36"
10.240.0.239 - - [13/Mar/2018:09:14:18 +0000] "GET /phpmyadmin/sql.php?server=1&db=bibliotheek&table=test&pos=0&token=f7d1685f26269e0484527af86785fe64&ajax_request=true&ajax_page_request=true&menuHashes=5422a10b-a2cf17d3-114e2b84-19611cdc-3e7b4b87-1e8b61ea-c215d40b&_nocache=152093267734812769 HTTP/1.1" 200 36820 "https://php-mysql-jolicoeur.c9users.io/phpmyadmin/index.php?token=f7d1685f26269e0484527af86785fe64" "Mozilla/5.0 (Windows NT 10.0; Win64; x64) AppleWebKit/537.36 (KHTML, like Gecko) Chrome/63.0.3239.132 Safari/537.36"
10.240.0.187 - - [13/Mar/2018:09:14:18 +0000] "GET /phpmyadmin/index.php?ajax_request=1&recent_table=1&token=f7d1685f26269e0484527af86785fe64 HTTP/1.1" 200 969 "https://php-mysql-jolicoeur.c9users.io/phpmyadmin/index.php?token=f7d1685f26269e0484527af86785fe64" "Mozilla/5.0 (Windows NT 10.0; Win64; x64) AppleWebKit/537.36 (KHTML, like Gecko) Chrome/63.0.3239.132 Safari/537.36"
10.240.0.239 - - [13/Mar/2018:09:14:23 +0000] "GET /phpmyadmin/sql.php?db=bibliotheek&table=test&token=f7d1685f26269e0484527af86785fe64&pos=0&ajax_request=true&ajax_page_request=true&menuHashes=5422a10b-a2cf17d3-114e2b84-19611cdc-3e7b4b87-1e8b61ea-c215d40b&_nocache=1520932682951125524 HTTP/1.1" 200 36818 "https://php-mysql-jolicoeur.c9users.io/phpmyadmin/index.php?token=f7d1685f26269e0484527af86785fe64" "Mozilla/5.0 (Windows NT 10.0; Win64; x64) AppleWebKit/537.36 (KHTML, like Gecko) Chrome/63.0.3239.132 Safari/537.36"
10.240.1.97 - - [13/Mar/2018:09:14:23 +0000] "GET /phpmyadmin/index.php?ajax_request=1&recent_table=1&token=f7d1685f26269e0484527af86785fe64 HTTP/1.1" 200 969 "https://php-mysql-jolicoeur.c9users.io/phpmyadmin/index.php?token=f7d1685f26269e0484527af86785fe64" "Mozilla/5.0 (Windows NT 10.0; Win64; x64) AppleWebKit/537.36 (KHTML, like Gecko) Chrome/63.0.3239.132 Safari/537.36"
10.240.0.90 - - [13/Mar/2018:09:14:29 +0000] "POST /phpmyadmin/navigation.php?ajax_request=1&token=f7d1685f26269e0484527af86785fe64 HTTP/1.1" 200 19134 "https://php-mysql-jolicoeur.c9users.io/phpmyadmin/index.php?token=f7d1685f26269e0484527af86785fe64" "Mozilla/5.0 (Windows NT 10.0; Win64; x64) AppleWebKit/537.36 (KHTML, like Gecko) Chrome/63.0.3239.132 Safari/537.36"
10.240.0.227 - - [13/Mar/2018:09:14:32 +0000] "GET /phpmyadmin/sql.php?server=1&db=bibliotheek&table=test&pos=0&token=f7d1685f26269e0484527af86785fe64&ajax_request=true&ajax_page_request=true&menuHashes=5422a10b-a2cf17d3-114e2b84-19611cdc-3e7b4b87-1e8b61ea-c215d40b&_nocache=1520932692183193121 HTTP/1.1" 200 36820 "https://php-mysql-jolicoeur.c9users.io/phpmyadmin/index.php?token=f7d1685f26269e0484527af86785fe64" "Mozilla/5.0 (Windows NT 10.0; Win64; x64) AppleWebKit/537.36 (KHTML, like Gecko) Chrome/63.0.3239.132 Safari/537.36"
10.240.0.187 - - [13/Mar/2018:09:14:33 +0000] "GET /phpmyadmin/index.php?ajax_request=1&recent_table=1&token=f7d1685f26269e0484527af86785fe64 HTTP/1.1" 200 969 "https://php-mysql-jolicoeur.c9users.io/phpmyadmin/index.php?token=f7d1685f26269e0484527af86785fe64" "Mozilla/5.0 (Windows NT 10.0; Win64; x64) AppleWebKit/537.36 (KHTML, like Gecko) Chrome/63.0.3239.132 Safari/537.36"
10.240.1.97 - - [13/Mar/2018:09:14:33 +0000] "GET /phpmyadmin/sql.php?server=1&db=bibliotheek&table=test&pos=0&token=f7d1685f26269e0484527af86785fe64&ajax_request=true&ajax_page_request=true&menuHashes=5422a10b-a2cf17d3-114e2b84-19611cdc-3e7b4b87-1e8b61ea-c215d40b&_nocache=152093269370722480 HTTP/1.1" 200 36820 "https://php-mysql-jolicoeur.c9users.io/phpmyadmin/index.php?token=f7d1685f26269e0484527af86785fe64" "Mozilla/5.0 (Windows NT 10.0; Win64; x64) AppleWebKit/537.36 (KHTML, like Gecko) Chrome/63.0.3239.132 Safari/537.36"
10.240.1.0 - - [13/Mar/2018:09:14:34 +0000] "GET /phpmyadmin/index.php?ajax_request=1&recent_table=1&token=f7d1685f26269e0484527af86785fe64 HTTP/1.1" 200 969 "https://php-mysql-jolicoeur.c9users.io/phpmyadmin/index.php?token=f7d1685f26269e0484527af86785fe64" "Mozilla/5.0 (Windows NT 10.0; Win64; x64) AppleWebKit/537.36 (KHTML, like Gecko) Chrome/63.0.3239.132 Safari/537.36"
10.240.1.189 - - [13/Mar/2018:09:14:35 +0000] "GET /phpmyadmin/sql.php?server=1&db=bibliotheek&table=test&pos=0&token=f7d1685f26269e0484527af86785fe64&ajax_request=true&ajax_page_request=true&menuHashes=5422a10b-a2cf17d3-114e2b84-19611cdc-3e7b4b87-1e8b61ea-c215d40b&_nocache=1520932694758738893 HTTP/1.1" 200 36820 "https://php-mysql-jolicoeur.c9users.io/phpmyadmin/index.php?token=f7d1685f26269e0484527af86785fe64" "Mozilla/5.0 (Windows NT 10.0; Win64; x64) AppleWebKit/537.36 (KHTML, like Gecko) Chrome/63.0.3239.132 Safari/537.36"
10.240.1.189 - - [13/Mar/2018:09:14:35 +0000] "GET /phpmyadmin/index.php?ajax_request=1&recent_table=1&token=f7d1685f26269e0484527af86785fe64 HTTP/1.1" 200 969 "https://php-mysql-jolicoeur.c9users.io/phpmyadmin/index.php?token=f7d1685f26269e0484527af86785fe64" "Mozilla/5.0 (Windows NT 10.0; Win64; x64) AppleWebKit/537.36 (KHTML, like Gecko) Chrome/63.0.3239.132 Safari/537.36"
10.240.0.88 - - [13/Mar/2018:09:14:36 +0000] "GET /phpmyadmin/sql.php?server=1&db=bibliotheek&table=test&pos=0&token=f7d1685f26269e0484527af86785fe64&ajax_request=true&ajax_page_request=true&menuHashes=5422a10b-a2cf17d3-114e2b84-19611cdc-3e7b4b87-1e8b61ea-c215d40b&_nocache=1520932695643800901 HTTP/1.1" 200 36820 "https://php-mysql-jolicoeur.c9users.io/phpmyadmin/index.php?token=f7d1685f26269e0484527af86785fe64" "Mozilla/5.0 (Windows NT 10.0; Win64; x64) AppleWebKit/537.36 (KHTML, like Gecko) Chrome/63.0.3239.132 Safari/537.36"
10.240.1.189 - - [13/Mar/2018:09:14:36 +0000] "GET /phpmyadmin/index.php?ajax_request=1&recent_table=1&token=f7d1685f26269e0484527af86785fe64 HTTP/1.1" 200 969 "https://php-mysql-jolicoeur.c9users.io/phpmyadmin/index.php?token=f7d1685f26269e0484527af86785fe64" "Mozilla/5.0 (Windows NT 10.0; Win64; x64) AppleWebKit/537.36 (KHTML, like Gecko) Chrome/63.0.3239.132 Safari/537.36"
10.240.1.0 - - [13/Mar/2018:09:14:38 +0000] "GET /phpmyadmin/tbl_structure.php?server=1&db=bibliotheek&table=test&token=f7d1685f26269e0484527af86785fe64&ajax_request=true&ajax_page_request=true&menuHashes=5422a10b-a2cf17d3-114e2b84-19611cdc-3e7b4b87-1e8b61ea-c215d40b&_nocache=1520932698049784935 HTTP/1.1" 200 38886 "https://php-mysql-jolicoeur.c9users.io/phpmyadmin/index.php?token=f7d1685f26269e0484527af86785fe64" "Mozilla/5.0 (Windows NT 10.0; Win64; x64) AppleWebKit/537.36 (KHTML, like Gecko) Chrome/63.0.3239.132 Safari/537.36"
10.240.0.227 - - [13/Mar/2018:09:14:38 +0000] "GET /phpmyadmin/index.php?ajax_request=1&recent_table=1&token=f7d1685f26269e0484527af86785fe64 HTTP/1.1" 200 969 "https://php-mysql-jolicoeur.c9users.io/phpmyadmin/index.php?token=f7d1685f26269e0484527af86785fe64" "Mozilla/5.0 (Windows NT 10.0; Win64; x64) AppleWebKit/537.36 (KHTML, like Gecko) Chrome/63.0.3239.132 Safari/537.36"
10.240.0.88 - - [13/Mar/2018:09:15:24 +0000] "GET / HTTP/1.1" 200 1293 "-" "Mozilla/5.0 (Windows NT 10.0; Win64; x64) AppleWebKit/537.36 (KHTML, like Gecko) Chrome/63.0.3239.132 Safari/537.36"
10.240.1.97 - - [13/Mar/2018:09:15:41 +0000] "POST /auteurinvoer_verw.php HTTP/1.1" 200 341 "https://php-mysql-jolicoeur.c9users.io/auteurinvoer.html" "Mozilla/5.0 (Windows NT 10.0; Win64; x64) AppleWebKit/537.36 (KHTML, like Gecko) Chrome/63.0.3239.132 Safari/537.36"
10.240.1.189 - - [13/Mar/2018:09:15:44 +0000] "GET /phpmyadmin/sql.php?server=1&db=bibliotheek&table=test&pos=0&token=f7d1685f26269e0484527af86785fe64&ajax_request=true&ajax_page_request=true&menuHashes=5422a10b-a2cf17d3-114e2b84-19611cdc-3e7b4b87-1e8b61ea-c215d40b&_nocache=152093276386333830 HTTP/1.1" 200 36820 "https://php-mysql-jolicoeur.c9users.io/phpmyadmin/index.php?token=f7d1685f26269e0484527af86785fe64" "Mozilla/5.0 (Windows NT 10.0; Win64; x64) AppleWebKit/537.36 (KHTML, like Gecko) Chrome/63.0.3239.132 Safari/537.36"
10.240.0.227 - - [13/Mar/2018:09:15:45 +0000] "GET /phpmyadmin/index.php?ajax_request=1&recent_table=1&token=f7d1685f26269e0484527af86785fe64 HTTP/1.1" 200 969 "https://php-mysql-jolicoeur.c9users.io/phpmyadmin/index.php?token=f7d1685f26269e0484527af86785fe64" "Mozilla/5.0 (Windows NT 10.0; Win64; x64) AppleWebKit/537.36 (KHTML, like Gecko) Chrome/63.0.3239.132 Safari/537.36"
10.240.0.187 - - [13/Mar/2018:09:15:46 +0000] "GET /phpmyadmin/sql.php?server=1&db=bibliotheek&table=test&pos=0&token=f7d1685f26269e0484527af86785fe64&ajax_request=true&ajax_page_request=true&menuHashes=5422a10b-a2cf17d3-114e2b84-19611cdc-3e7b4b87-1e8b61ea-c215d40b&_nocache=1520932765390684434 HTTP/1.1" 200 36820 "https://php-mysql-jolicoeur.c9users.io/phpmyadmin/index.php?token=f7d1685f26269e0484527af86785fe64" "Mozilla/5.0 (Windows NT 10.0; Win64; x64) AppleWebKit/537.36 (KHTML, like Gecko) Chrome/63.0.3239.132 Safari/537.36"
10.240.1.189 - - [13/Mar/2018:09:15:46 +0000] "GET /phpmyadmin/index.php?ajax_request=1&recent_table=1&token=f7d1685f26269e0484527af86785fe64 HTTP/1.1" 200 969 "https://php-mysql-jolicoeur.c9users.io/phpmyadmin/index.php?token=f7d1685f26269e0484527af86785fe64" "Mozilla/5.0 (Windows NT 10.0; Win64; x64) AppleWebKit/537.36 (KHTML, like Gecko) Chrome/63.0.3239.132 Safari/537.36"
10.240.0.222 - - [13/Mar/2018:09:16:26 +0000] "GET /phpmyadmin/tbl_structure.php?server=1&db=bibliotheek&table=test&token=f7d1685f26269e0484527af86785fe64&ajax_request=true&ajax_page_request=true&menuHashes=5422a10b-a2cf17d3-114e2b84-19611cdc-3e7b4b87-1e8b61ea-c215d40b&_nocache=1520932805445137919 HTTP/1.1" 200 38886 "https://php-mysql-jolicoeur.c9users.io/phpmyadmin/index.php?token=f7d1685f26269e0484527af86785fe64" "Mozilla/5.0 (Windows NT 10.0; Win64; x64) AppleWebKit/537.36 (KHTML, like Gecko) Chrome/63.0.3239.132 Safari/537.36"
10.240.0.222 - - [13/Mar/2018:09:16:26 +0000] "GET /phpmyadmin/index.php?ajax_request=1&recent_table=1&token=f7d1685f26269e0484527af86785fe64 HTTP/1.1" 200 969 "https://php-mysql-jolicoeur.c9users.io/phpmyadmin/index.php?token=f7d1685f26269e0484527af86785fe64" "Mozilla/5.0 (Windows NT 10.0; Win64; x64) AppleWebKit/537.36 (KHTML, like Gecko) Chrome/63.0.3239.132 Safari/537.36"
10.240.0.90 - - [13/Mar/2018:09:16:44 +0000] "POST /phpmyadmin/tbl_structure.php HTTP/1.1" 200 4011 "https://php-mysql-jolicoeur.c9users.io/phpmyadmin/index.php?token=f7d1685f26269e0484527af86785fe64" "Mozilla/5.0 (Windows NT 10.0; Win64; x64) AppleWebKit/537.36 (KHTML, like Gecko) Chrome/63.0.3239.132 Safari/537.36"
10.240.0.185 - - [13/Mar/2018:09:16:45 +0000] "GET /phpmyadmin/js/get_scripts.js.php?scripts[]=jquery/jquery-1.8.3.min.js&scripts[]=ajax.js&scripts[]=keyhandler.js&scripts[]=jquery/jquery-ui-1.9.2.custom.min.js&scripts[]=jquery/jquery.sprintf.js&scripts[]=jquery/jquery.cookie.js&scripts[]=jquery/jquery.mousewheel.js&scripts[]=jquery/jquery.event.drag-2.2.js&scripts[]=jquery/jquery-ui-timepicker-addon.js&scripts[]=jquery/jquery.ba-hashchange-1.3.js&scripts[]=jquery/jquery.debounce-1.0.5.js&scripts[]=jquery/jquery.menuResizer-1.0.js&scripts[]=rte.js&scripts[]=functions.js&scripts[]=navigation.js&scripts[]=indexes.js&scripts[]=common.js&scripts[]=tbl_structure.js&scripts[]=codemirror/lib/codemirror.js&scripts[]=codemirror/mode/mysql/mysql.js HTTP/1.1" 200 836424 "https://php-mysql-jolicoeur.c9users.io/phpmyadmin/tbl_structure.php" "Mozilla/5.0 (Windows NT 10.0; Win64; x64) AppleWebKit/537.36 (KHTML, like Gecko) Chrome/63.0.3239.132 Safari/537.36"
10.240.1.189 - - [13/Mar/2018:09:16:45 +0000] "GET /phpmyadmin/js/messages.php?lang=nl&db=bibliotheek&token=f7d1685f26269e0484527af86785fe64 HTTP/1.1" 200 18672 "https://php-mysql-jolicoeur.c9users.io/phpmyadmin/tbl_structure.php" "Mozilla/5.0 (Windows NT 10.0; Win64; x64) AppleWebKit/537.36 (KHTML, like Gecko) Chrome/63.0.3239.132 Safari/537.36"
10.240.0.187 - - [13/Mar/2018:09:16:46 +0000] "GET /phpmyadmin/navigation.php?ajax_request=1&token=f7d1685f26269e0484527af86785fe64&aPath=cm9vdA%3D%3D.YmlibGlvdGhlZWs%3D&vPath=cm9vdA%3D%3D.YmlibGlvdGhlZWs%3D&pos=0&pos2_name=&pos2_value=&searchClause=&searchClause2=&_nocache=1520932825837558292 HTTP/1.1" 200 7163 "https://php-mysql-jolicoeur.c9users.io/phpmyadmin/tbl_structure.php" "Mozilla/5.0 (Windows NT 10.0; Win64; x64) AppleWebKit/537.36 (KHTML, like Gecko) Chrome/63.0.3239.132 Safari/537.36"
10.240.0.227 - - [13/Mar/2018:09:16:46 +0000] "GET /phpmyadmin/index.php?ajax_request=1&recent_table=1&token=f7d1685f26269e0484527af86785fe64 HTTP/1.1" 200 969 "https://php-mysql-jolicoeur.c9users.io/phpmyadmin/tbl_structure.php" "Mozilla/5.0 (Windows NT 10.0; Win64; x64) AppleWebKit/537.36 (KHTML, like Gecko) Chrome/63.0.3239.132 Safari/537.36"
10.240.0.90 - - [13/Mar/2018:09:16:48 +0000] "POST /phpmyadmin/tbl_structure.php HTTP/1.1" 200 36384 "https://php-mysql-jolicoeur.c9users.io/phpmyadmin/tbl_structure.php" "Mozilla/5.0 (Windows NT 10.0; Win64; x64) AppleWebKit/537.36 (KHTML, like Gecko) Chrome/63.0.3239.132 Safari/537.36"
10.240.0.90 - - [13/Mar/2018:09:16:48 +0000] "GET /phpmyadmin/index.php?ajax_request=1&recent_table=1&token=f7d1685f26269e0484527af86785fe64 HTTP/1.1" 200 969 "https://php-mysql-jolicoeur.c9users.io/phpmyadmin/tbl_structure.php" "Mozilla/5.0 (Windows NT 10.0; Win64; x64) AppleWebKit/537.36 (KHTML, like Gecko) Chrome/63.0.3239.132 Safari/537.36"
10.240.0.87 - - [13/Mar/2018:09:17:32 +0000] "GET / HTTP/1.1" 200 1296 "-" "Mozilla/5.0 (Windows NT 10.0; Win64; x64) AppleWebKit/537.36 (KHTML, like Gecko) Chrome/63.0.3239.132 Safari/537.36"
10.240.1.97 - - [13/Mar/2018:09:17:45 +0000] "POST /auteurinvoer_verw.php HTTP/1.1" 200 350 "https://php-mysql-jolicoeur.c9users.io/auteurinvoer.html" "Mozilla/5.0 (Windows NT 10.0; Win64; x64) AppleWebKit/537.36 (KHTML, like Gecko) Chrome/63.0.3239.132 Safari/537.36"
10.240.0.185 - - [13/Mar/2018:09:17:50 +0000] "GET /phpmyadmin/sql.php?server=1&db=bibliotheek&table=test&pos=0&token=f7d1685f26269e0484527af86785fe64&ajax_request=true&ajax_page_request=true&menuHashes=19611cdc&_nocache=1520932890075817060 HTTP/1.1" 200 41071 "https://php-mysql-jolicoeur.c9users.io/phpmyadmin/tbl_structure.php" "Mozilla/5.0 (Windows NT 10.0; Win64; x64) AppleWebKit/537.36 (KHTML, like Gecko) Chrome/63.0.3239.132 Safari/537.36"
10.240.0.227 - - [13/Mar/2018:09:17:51 +0000] "GET /phpmyadmin/js/get_scripts.js.php?scripts[]=tbl_change.js&scripts[]=gis_data_editor.js&scripts[]=makegrid.js&scripts[]=sql.js HTTP/1.1" 200 127693 "https://php-mysql-jolicoeur.c9users.io/phpmyadmin/tbl_structure.php" "Mozilla/5.0 (Windows NT 10.0; Win64; x64) AppleWebKit/537.36 (KHTML, like Gecko) Chrome/63.0.3239.132 Safari/537.36"
10.240.0.187 - - [13/Mar/2018:09:17:52 +0000] "GET /phpmyadmin/index.php?ajax_request=1&recent_table=1&token=f7d1685f26269e0484527af86785fe64 HTTP/1.1" 200 969 "https://php-mysql-jolicoeur.c9users.io/phpmyadmin/tbl_structure.php" "Mozilla/5.0 (Windows NT 10.0; Win64; x64) AppleWebKit/537.36 (KHTML, like Gecko) Chrome/63.0.3239.132 Safari/537.36"
10.240.1.220 - - [13/Mar/2018:09:20:11 +0000] "GET /phpmyadmin/sql.php?server=1&db=bibliotheek&table=test&pos=0&token=f7d1685f26269e0484527af86785fe64&ajax_request=true&ajax_page_request=true&menuHashes=19611cdc-114e2b84&_nocache=1520933030408294439 HTTP/1.1" 200 37725 "https://php-mysql-jolicoeur.c9users.io/phpmyadmin/tbl_structure.php" "Mozilla/5.0 (Windows NT 10.0; Win64; x64) AppleWebKit/537.36 (KHTML, like Gecko) Chrome/63.0.3239.132 Safari/537.36"
10.240.1.189 - - [13/Mar/2018:09:20:12 +0000] "GET /phpmyadmin/index.php?ajax_request=1&recent_table=1&token=f7d1685f26269e0484527af86785fe64 HTTP/1.1" 200 969 "https://php-mysql-jolicoeur.c9users.io/phpmyadmin/tbl_structure.php" "Mozilla/5.0 (Windows NT 10.0; Win64; x64) AppleWebKit/537.36 (KHTML, like Gecko) Chrome/63.0.3239.132 Safari/537.36"
10.240.0.187 - - [13/Mar/2018:09:20:15 +0000] "GET /phpmyadmin/sql.php?server=1&db=bibliotheek&table=test&pos=0&token=f7d1685f26269e0484527af86785fe64&ajax_request=true&ajax_page_request=true&menuHashes=19611cdc-114e2b84&_nocache=1520933035084642548 HTTP/1.1" 200 37725 "https://php-mysql-jolicoeur.c9users.io/phpmyadmin/tbl_structure.php" "Mozilla/5.0 (Windows NT 10.0; Win64; x64) AppleWebKit/537.36 (KHTML, like Gecko) Chrome/63.0.3239.132 Safari/537.36"
10.240.0.88 - - [13/Mar/2018:09:20:16 +0000] "GET /phpmyadmin/index.php?ajax_request=1&recent_table=1&token=f7d1685f26269e0484527af86785fe64 HTTP/1.1" 200 969 "https://php-mysql-jolicoeur.c9users.io/phpmyadmin/tbl_structure.php" "Mozilla/5.0 (Windows NT 10.0; Win64; x64) AppleWebKit/537.36 (KHTML, like Gecko) Chrome/63.0.3239.132 Safari/537.36"
10.240.0.88 - - [13/Mar/2018:09:20:16 +0000] "GET /phpmyadmin/tbl_structure.php?server=1&db=bibliotheek&table=test&token=f7d1685f26269e0484527af86785fe64&ajax_request=true&ajax_page_request=true&menuHashes=19611cdc-114e2b84&_nocache=1520933036004367494 HTTP/1.1" 200 30863 "https://php-mysql-jolicoeur.c9users.io/phpmyadmin/tbl_structure.php" "Mozilla/5.0 (Windows NT 10.0; Win64; x64) AppleWebKit/537.36 (KHTML, like Gecko) Chrome/63.0.3239.132 Safari/537.36"
10.240.1.220 - - [13/Mar/2018:09:20:17 +0000] "GET /phpmyadmin/index.php?ajax_request=1&recent_table=1&token=f7d1685f26269e0484527af86785fe64 HTTP/1.1" 200 969 "https://php-mysql-jolicoeur.c9users.io/phpmyadmin/tbl_structure.php" "Mozilla/5.0 (Windows NT 10.0; Win64; x64) AppleWebKit/537.36 (KHTML, like Gecko) Chrome/63.0.3239.132 Safari/537.36"
10.240.0.222 - - [13/Mar/2018:09:20:22 +0000] "GET /phpmyadmin/navigation.php?ajax_request=1&token=f7d1685f26269e0484527af86785fe64&aPath=cm9vdA%3D%3D.YmlibGlvdGhlZWs%3D.dGFibGVz.dGVzdA%3D%3D&vPath=cm9vdA%3D%3D.YmlibGlvdGhlZWs%3D.VGFiZWxsZW4%3D.dGVzdA%3D%3D&pos=0&pos2_name=tables&pos2_value=0&searchClause=&searchClause2=&_nocache=1520933041571517610 HTTP/1.1" 200 4041 "https://php-mysql-jolicoeur.c9users.io/phpmyadmin/tbl_structure.php" "Mozilla/5.0 (Windows NT 10.0; Win64; x64) AppleWebKit/537.36 (KHTML, like Gecko) Chrome/63.0.3239.132 Safari/537.36"
10.240.0.222 - - [13/Mar/2018:09:20:24 +0000] "GET /phpmyadmin/tbl_structure.php?server=1&db=bibliotheek&table=test&token=f7d1685f26269e0484527af86785fe64&ajax_request=true&ajax_page_request=true&menuHashes=19611cdc-114e2b84&_nocache=152093304402897632 HTTP/1.1" 200 30863 "https://php-mysql-jolicoeur.c9users.io/phpmyadmin/tbl_structure.php" "Mozilla/5.0 (Windows NT 10.0; Win64; x64) AppleWebKit/537.36 (KHTML, like Gecko) Chrome/63.0.3239.132 Safari/537.36"
10.240.1.0 - - [13/Mar/2018:09:20:25 +0000] "GET /phpmyadmin/index.php?ajax_request=1&recent_table=1&token=f7d1685f26269e0484527af86785fe64 HTTP/1.1" 200 969 "https://php-mysql-jolicoeur.c9users.io/phpmyadmin/tbl_structure.php" "Mozilla/5.0 (Windows NT 10.0; Win64; x64) AppleWebKit/537.36 (KHTML, like Gecko) Chrome/63.0.3239.132 Safari/537.36"
10.240.1.97 - - [13/Mar/2018:09:20:26 +0000] "GET /phpmyadmin/tbl_structure.php?server=1&db=bibliotheek&table=test&token=f7d1685f26269e0484527af86785fe64&ajax_request=true&ajax_page_request=true&menuHashes=19611cdc-114e2b84&_nocache=15209330458209553 HTTP/1.1" 200 30863 "https://php-mysql-jolicoeur.c9users.io/phpmyadmin/tbl_structure.php" "Mozilla/5.0 (Windows NT 10.0; Win64; x64) AppleWebKit/537.36 (KHTML, like Gecko) Chrome/63.0.3239.132 Safari/537.36"
10.240.1.97 - - [13/Mar/2018:09:20:27 +0000] "GET /phpmyadmin/navigation.php?ajax_request=1&token=f7d1685f26269e0484527af86785fe64&aPath=cm9vdA%3D%3D.YmlibGlvdGhlZWs%3D.dGFibGVz.dGVzdA%3D%3D.Y29sdW1ucw%3D%3D&vPath=cm9vdA%3D%3D.YmlibGlvdGhlZWs%3D.VGFiZWxsZW4%3D.dGVzdA%3D%3D.S29sb21tZW4%3D&pos=0&pos2_name=tables&pos2_value=0&searchClause=&searchClause2=&_nocache=152093304698081947 HTTP/1.1" 200 3755 "https://php-mysql-jolicoeur.c9users.io/phpmyadmin/tbl_structure.php" "Mozilla/5.0 (Windows NT 10.0; Win64; x64) AppleWebKit/537.36 (KHTML, like Gecko) Chrome/63.0.3239.132 Safari/537.36"
10.240.0.185 - - [13/Mar/2018:09:20:27 +0000] "GET /phpmyadmin/index.php?ajax_request=1&recent_table=1&token=f7d1685f26269e0484527af86785fe64 HTTP/1.1" 200 969 "https://php-mysql-jolicoeur.c9users.io/phpmyadmin/tbl_structure.php" "Mozilla/5.0 (Windows NT 10.0; Win64; x64) AppleWebKit/537.36 (KHTML, like Gecko) Chrome/63.0.3239.132 Safari/537.36"
10.240.1.97 - - [13/Mar/2018:09:20:38 +0000] "GET /phpmyadmin/tbl_addfield.php?server=1&db=bibliotheek&table=test&field_where=last&after_field=&token=f7d1685f26269e0484527af86785fe64&ajax_request=true&ajax_page_request=true&menuHashes=19611cdc-114e2b84&_nocache=1520933058140182226 HTTP/1.1" 200 43810 "https://php-mysql-jolicoeur.c9users.io/phpmyadmin/tbl_structure.php" "Mozilla/5.0 (Windows NT 10.0; Win64; x64) AppleWebKit/537.36 (KHTML, like Gecko) Chrome/63.0.3239.132 Safari/537.36"
10.240.0.88 - - [13/Mar/2018:09:20:38 +0000] "GET /phpmyadmin/index.php?ajax_request=1&recent_table=1&token=f7d1685f26269e0484527af86785fe64 HTTP/1.1" 200 969 "https://php-mysql-jolicoeur.c9users.io/phpmyadmin/tbl_structure.php" "Mozilla/5.0 (Windows NT 10.0; Win64; x64) AppleWebKit/537.36 (KHTML, like Gecko) Chrome/63.0.3239.132 Safari/537.36"
10.240.0.239 - - [13/Mar/2018:09:21:13 +0000] "POST /phpmyadmin/tbl_addfield.php HTTP/1.1" 200 2936 "https://php-mysql-jolicoeur.c9users.io/phpmyadmin/tbl_structure.php" "Mozilla/5.0 (Windows NT 10.0; Win64; x64) AppleWebKit/537.36 (KHTML, like Gecko) Chrome/63.0.3239.132 Safari/537.36"
10.240.1.97 - - [13/Mar/2018:09:21:13 +0000] "POST /phpmyadmin/tbl_structure.php HTTP/1.1" 200 519 "https://php-mysql-jolicoeur.c9users.io/phpmyadmin/tbl_structure.php" "Mozilla/5.0 (Windows NT 10.0; Win64; x64) AppleWebKit/537.36 (KHTML, like Gecko) Chrome/63.0.3239.132 Safari/537.36"
10.240.0.222 - - [13/Mar/2018:09:21:13 +0000] "POST /phpmyadmin/navigation.php?ajax_request=1&token=f7d1685f26269e0484527af86785fe64 HTTP/1.1" 200 18483 "https://php-mysql-jolicoeur.c9users.io/phpmyadmin/tbl_structure.php" "Mozilla/5.0 (Windows NT 10.0; Win64; x64) AppleWebKit/537.36 (KHTML, like Gecko) Chrome/63.0.3239.132 Safari/537.36"
10.240.1.97 - - [13/Mar/2018:09:22:24 +0000] "GET /phpmyadmin/tbl_addfield.php?server=1&db=bibliotheek&table=test&field_where=last&after_field=&token=f7d1685f26269e0484527af86785fe64&ajax_request=true&ajax_page_request=true&menuHashes=19611cdc-114e2b84&_nocache=1520933164206399213 HTTP/1.1" 200 43810 "https://php-mysql-jolicoeur.c9users.io/phpmyadmin/tbl_structure.php" "Mozilla/5.0 (Windows NT 10.0; Win64; x64) AppleWebKit/537.36 (KHTML, like Gecko) Chrome/63.0.3239.132 Safari/537.36"
10.240.1.220 - - [13/Mar/2018:09:22:25 +0000] "GET /phpmyadmin/index.php?ajax_request=1&recent_table=1&token=f7d1685f26269e0484527af86785fe64 HTTP/1.1" 200 969 "https://php-mysql-jolicoeur.c9users.io/phpmyadmin/tbl_structure.php" "Mozilla/5.0 (Windows NT 10.0; Win64; x64) AppleWebKit/537.36 (KHTML, like Gecko) Chrome/63.0.3239.132 Safari/537.36"
10.240.0.87 - - [13/Mar/2018:09:22:43 +0000] "POST /phpmyadmin/tbl_addfield.php HTTP/1.1" 200 2916 "https://php-mysql-jolicoeur.c9users.io/phpmyadmin/tbl_structure.php" "Mozilla/5.0 (Windows NT 10.0; Win64; x64) AppleWebKit/537.36 (KHTML, like Gecko) Chrome/63.0.3239.132 Safari/537.36"
10.240.0.88 - - [13/Mar/2018:09:22:44 +0000] "POST /phpmyadmin/tbl_structure.php HTTP/1.1" 200 519 "https://php-mysql-jolicoeur.c9users.io/phpmyadmin/tbl_structure.php" "Mozilla/5.0 (Windows NT 10.0; Win64; x64) AppleWebKit/537.36 (KHTML, like Gecko) Chrome/63.0.3239.132 Safari/537.36"
10.240.0.222 - - [13/Mar/2018:09:22:44 +0000] "POST /phpmyadmin/navigation.php?ajax_request=1&token=f7d1685f26269e0484527af86785fe64 HTTP/1.1" 200 19134 "https://php-mysql-jolicoeur.c9users.io/phpmyadmin/tbl_structure.php" "Mozilla/5.0 (Windows NT 10.0; Win64; x64) AppleWebKit/537.36 (KHTML, like Gecko) Chrome/63.0.3239.132 Safari/537.36"
10.240.0.222 - - [13/Mar/2018:09:25:34 +0000] "GET /phpmyadmin/tbl_addfield.php?server=1&db=bibliotheek&table=test&field_where=last&after_field=&token=f7d1685f26269e0484527af86785fe64&ajax_request=true&ajax_page_request=true&menuHashes=19611cdc-114e2b84&_nocache=1520933353597712926 HTTP/1.1" 200 43810 "https://php-mysql-jolicoeur.c9users.io/phpmyadmin/tbl_structure.php" "Mozilla/5.0 (Windows NT 10.0; Win64; x64) AppleWebKit/537.36 (KHTML, like Gecko) Chrome/63.0.3239.132 Safari/537.36"
10.240.0.90 - - [13/Mar/2018:09:25:35 +0000] "GET /phpmyadmin/index.php?ajax_request=1&recent_table=1&token=f7d1685f26269e0484527af86785fe64 HTTP/1.1" 200 969 "https://php-mysql-jolicoeur.c9users.io/phpmyadmin/tbl_structure.php" "Mozilla/5.0 (Windows NT 10.0; Win64; x64) AppleWebKit/537.36 (KHTML, like Gecko) Chrome/63.0.3239.132 Safari/537.36"
10.240.0.239 - - [13/Mar/2018:09:25:59 +0000] "POST /phpmyadmin/tbl_addfield.php HTTP/1.1" 200 2901 "https://php-mysql-jolicoeur.c9users.io/phpmyadmin/tbl_structure.php" "Mozilla/5.0 (Windows NT 10.0; Win64; x64) AppleWebKit/537.36 (KHTML, like Gecko) Chrome/63.0.3239.132 Safari/537.36"
10.240.0.185 - - [13/Mar/2018:09:26:00 +0000] "POST /phpmyadmin/tbl_structure.php HTTP/1.1" 200 519 "https://php-mysql-jolicoeur.c9users.io/phpmyadmin/tbl_structure.php" "Mozilla/5.0 (Windows NT 10.0; Win64; x64) AppleWebKit/537.36 (KHTML, like Gecko) Chrome/63.0.3239.132 Safari/537.36"
10.240.0.88 - - [13/Mar/2018:09:26:00 +0000] "POST /phpmyadmin/navigation.php?ajax_request=1&token=f7d1685f26269e0484527af86785fe64 HTTP/1.1" 200 19776 "https://php-mysql-jolicoeur.c9users.io/phpmyadmin/tbl_structure.php" "Mozilla/5.0 (Windows NT 10.0; Win64; x64) AppleWebKit/537.36 (KHTML, like Gecko) Chrome/63.0.3239.132 Safari/537.36"
10.240.0.227 - - [13/Mar/2018:09:27:20 +0000] "GET /phpmyadmin/tbl_addfield.php?server=1&db=bibliotheek&table=test&field_where=last&after_field=&token=f7d1685f26269e0484527af86785fe64&ajax_request=true&ajax_page_request=true&menuHashes=19611cdc-114e2b84&_nocache=1520933460150503798 HTTP/1.1" 200 43810 "https://php-mysql-jolicoeur.c9users.io/phpmyadmin/tbl_structure.php" "Mozilla/5.0 (Windows NT 10.0; Win64; x64) AppleWebKit/537.36 (KHTML, like Gecko) Chrome/63.0.3239.132 Safari/537.36"
10.240.0.227 - - [13/Mar/2018:09:27:21 +0000] "GET /phpmyadmin/index.php?ajax_request=1&recent_table=1&token=f7d1685f26269e0484527af86785fe64 HTTP/1.1" 200 969 "https://php-mysql-jolicoeur.c9users.io/phpmyadmin/tbl_structure.php" "Mozilla/5.0 (Windows NT 10.0; Win64; x64) AppleWebKit/537.36 (KHTML, like Gecko) Chrome/63.0.3239.132 Safari/537.36"
10.240.0.227 - - [13/Mar/2018:09:27:33 +0000] "POST /phpmyadmin/tbl_addfield.php HTTP/1.1" 200 2866 "https://php-mysql-jolicoeur.c9users.io/phpmyadmin/tbl_structure.php" "Mozilla/5.0 (Windows NT 10.0; Win64; x64) AppleWebKit/537.36 (KHTML, like Gecko) Chrome/63.0.3239.132 Safari/537.36"
10.240.1.97 - - [13/Mar/2018:09:27:34 +0000] "POST /phpmyadmin/tbl_structure.php HTTP/1.1" 200 519 "https://php-mysql-jolicoeur.c9users.io/phpmyadmin/tbl_structure.php" "Mozilla/5.0 (Windows NT 10.0; Win64; x64) AppleWebKit/537.36 (KHTML, like Gecko) Chrome/63.0.3239.132 Safari/537.36"
10.240.1.189 - - [13/Mar/2018:09:27:34 +0000] "POST /phpmyadmin/navigation.php?ajax_request=1&token=f7d1685f26269e0484527af86785fe64 HTTP/1.1" 200 20409 "https://php-mysql-jolicoeur.c9users.io/phpmyadmin/tbl_structure.php" "Mozilla/5.0 (Windows NT 10.0; Win64; x64) AppleWebKit/537.36 (KHTML, like Gecko) Chrome/63.0.3239.132 Safari/537.36"
10.240.0.227 - - [13/Mar/2018:09:27:35 +0000] "GET /phpmyadmin/tbl_structure.php?server=1&db=bibliotheek&table=test&field=geboren&change_column=1&token=f7d1685f26269e0484527af86785fe64&ajax_request=true&ajax_page_request=true&menuHashes=19611cdc-114e2b84&_nocache=1520933475383372256 HTTP/1.1" 200 44256 "https://php-mysql-jolicoeur.c9users.io/phpmyadmin/tbl_structure.php" "Mozilla/5.0 (Windows NT 10.0; Win64; x64) AppleWebKit/537.36 (KHTML, like Gecko) Chrome/63.0.3239.132 Safari/537.36"
10.240.1.97 - - [13/Mar/2018:09:27:35 +0000] "GET /phpmyadmin/index.php?ajax_request=1&recent_table=1&token=f7d1685f26269e0484527af86785fe64 HTTP/1.1" 200 969 "https://php-mysql-jolicoeur.c9users.io/phpmyadmin/tbl_structure.php" "Mozilla/5.0 (Windows NT 10.0; Win64; x64) AppleWebKit/537.36 (KHTML, like Gecko) Chrome/63.0.3239.132 Safari/537.36"
10.240.0.187 - - [13/Mar/2018:09:27:41 +0000] "POST /phpmyadmin/tbl_structure.php HTTP/1.1" 200 47477 "https://php-mysql-jolicoeur.c9users.io/phpmyadmin/tbl_structure.php" "Mozilla/5.0 (Windows NT 10.0; Win64; x64) AppleWebKit/537.36 (KHTML, like Gecko) Chrome/63.0.3239.132 Safari/537.36"
10.240.0.222 - - [13/Mar/2018:09:27:42 +0000] "POST /phpmyadmin/tbl_structure.php HTTP/1.1" 200 44899 "https://php-mysql-jolicoeur.c9users.io/phpmyadmin/tbl_structure.php" "Mozilla/5.0 (Windows NT 10.0; Win64; x64) AppleWebKit/537.36 (KHTML, like Gecko) Chrome/63.0.3239.132 Safari/537.36"
10.240.1.0 - - [13/Mar/2018:09:27:42 +0000] "POST /phpmyadmin/navigation.php?ajax_request=1&token=f7d1685f26269e0484527af86785fe64 HTTP/1.1" 200 20409 "https://php-mysql-jolicoeur.c9users.io/phpmyadmin/tbl_structure.php" "Mozilla/5.0 (Windows NT 10.0; Win64; x64) AppleWebKit/537.36 (KHTML, like Gecko) Chrome/63.0.3239.132 Safari/537.36"
10.240.0.187 - - [13/Mar/2018:09:27:56 +0000] "GET / HTTP/1.1" 200 1297 "-" "Mozilla/5.0 (Windows NT 10.0; Win64; x64) AppleWebKit/537.36 (KHTML, like Gecko) Chrome/63.0.3239.132 Safari/537.36"
10.240.1.189 - - [13/Mar/2018:09:28:11 +0000] "POST /auteurinvoer_verw.php HTTP/1.1" 200 347 "https://php-mysql-jolicoeur.c9users.io/auteurinvoer.html" "Mozilla/5.0 (Windows NT 10.0; Win64; x64) AppleWebKit/537.36 (KHTML, like Gecko) Chrome/63.0.3239.132 Safari/537.36"
10.240.1.220 - - [13/Mar/2018:09:28:29 +0000] "POST /auteurinvoer_verw.php HTTP/1.1" 200 352 "https://php-mysql-jolicoeur.c9users.io/auteurinvoer.html" "Mozilla/5.0 (Windows NT 10.0; Win64; x64) AppleWebKit/537.36 (KHTML, like Gecko) Chrome/63.0.3239.132 Safari/537.36"
10.240.1.189 - - [13/Mar/2018:09:28:35 +0000] "POST /phpmyadmin/navigation.php?ajax_request=1&token=f7d1685f26269e0484527af86785fe64 HTTP/1.1" 200 20409 "https://php-mysql-jolicoeur.c9users.io/phpmyadmin/tbl_structure.php" "Mozilla/5.0 (Windows NT 10.0; Win64; x64) AppleWebKit/537.36 (KHTML, like Gecko) Chrome/63.0.3239.132 Safari/537.36"
10.240.1.220 - - [13/Mar/2018:09:28:46 +0000] "GET /phpmyadmin/sql.php?server=1&db=bibliotheek&table=test&pos=0&token=f7d1685f26269e0484527af86785fe64&ajax_request=true&ajax_page_request=true&menuHashes=19611cdc-114e2b84&_nocache=1520933546501400576 HTTP/1.1" 200 46467 "https://php-mysql-jolicoeur.c9users.io/phpmyadmin/tbl_structure.php" "Mozilla/5.0 (Windows NT 10.0; Win64; x64) AppleWebKit/537.36 (KHTML, like Gecko) Chrome/63.0.3239.132 Safari/537.36"
10.240.1.220 - - [13/Mar/2018:09:28:46 +0000] "GET /phpmyadmin/index.php?ajax_request=1&recent_table=1&token=f7d1685f26269e0484527af86785fe64 HTTP/1.1" 200 969 "https://php-mysql-jolicoeur.c9users.io/phpmyadmin/tbl_structure.php" "Mozilla/5.0 (Windows NT 10.0; Win64; x64) AppleWebKit/537.36 (KHTML, like Gecko) Chrome/63.0.3239.132 Safari/537.36"
10.240.0.227 - - [13/Mar/2018:09:30:00 +0000] "POST /auteurinvoer_verw.php HTTP/1.1" 200 359 "https://php-mysql-jolicoeur.c9users.io/auteurinvoer.html" "Mozilla/5.0 (Windows NT 10.0; Win64; x64) AppleWebKit/537.36 (KHTML, like Gecko) Chrome/63.0.3239.132 Safari/537.36"
10.240.0.227 - - [13/Mar/2018:09:30:07 +0000] "POST /phpmyadmin/navigation.php?ajax_request=1&token=f7d1685f26269e0484527af86785fe64 HTTP/1.1" 200 20409 "https://php-mysql-jolicoeur.c9users.io/phpmyadmin/tbl_structure.php" "Mozilla/5.0 (Windows NT 10.0; Win64; x64) AppleWebKit/537.36 (KHTML, like Gecko) Chrome/63.0.3239.132 Safari/537.36"
10.240.0.88 - - [13/Mar/2018:09:30:12 +0000] "POST /phpmyadmin/navigation.php?ajax_request=1&token=f7d1685f26269e0484527af86785fe64 HTTP/1.1" 200 20409 "https://php-mysql-jolicoeur.c9users.io/phpmyadmin/tbl_structure.php" "Mozilla/5.0 (Windows NT 10.0; Win64; x64) AppleWebKit/537.36 (KHTML, like Gecko) Chrome/63.0.3239.132 Safari/537.36"
10.240.1.189 - - [13/Mar/2018:09:30:14 +0000] "GET /phpmyadmin/sql.php?server=1&db=bibliotheek&table=test&pos=0&token=f7d1685f26269e0484527af86785fe64&ajax_request=true&ajax_page_request=true&menuHashes=19611cdc-114e2b84&_nocache=1520933634196179724 HTTP/1.1" 200 49149 "https://php-mysql-jolicoeur.c9users.io/phpmyadmin/tbl_structure.php" "Mozilla/5.0 (Windows NT 10.0; Win64; x64) AppleWebKit/537.36 (KHTML, like Gecko) Chrome/63.0.3239.132 Safari/537.36"
10.240.0.88 - - [13/Mar/2018:09:30:15 +0000] "GET /phpmyadmin/index.php?ajax_request=1&recent_table=1&token=f7d1685f26269e0484527af86785fe64 HTTP/1.1" 200 969 "https://php-mysql-jolicoeur.c9users.io/phpmyadmin/tbl_structure.php" "Mozilla/5.0 (Windows NT 10.0; Win64; x64) AppleWebKit/537.36 (KHTML, like Gecko) Chrome/63.0.3239.132 Safari/537.36"
