10.240.0.87 - - [13/Mar/2018:08:43:14 +0000] "GET /phpmyadmin/js/get_scripts.js.php?scripts[]=tbl_structure.js&scripts[]=gis_data_editor.js HTTP/1.1" 200 31753 "https://php-mysql-jolicoeur.c9users.io/phpmyadmin/index.php?token=f7d1685f26269e0484527af86785fe64" "Mozilla/5.0 (Windows NT 10.0; Win64; x64) AppleWebKit/537.36 (KHTML, like Gecko) Chrome/63.0.3239.132 Safari/537.36"
10.240.1.99 - - [13/Mar/2018:08:43:14 +0000] "GET /phpmyadmin/index.php?ajax_request=1&recent_table=1&token=f7d1685f26269e0484527af86785fe64 HTTP/1.1" 200 969 "https://php-mysql-jolicoeur.c9users.io/phpmyadmin/index.php?token=f7d1685f26269e0484527af86785fe64" "Mozilla/5.0 (Windows NT 10.0; Win64; x64) AppleWebKit/537.36 (KHTML, like Gecko) Chrome/63.0.3239.132 Safari/537.36"
10.240.1.220 - - [13/Mar/2018:08:43:15 +0000] "GET /phpmyadmin/tbl_structure.php?db=bibliotheek&table=test&token=f7d1685f26269e0484527af86785fe64&ajax_request=true&ajax_page_request=true&menuHashes=ff4a6c5a-5422a10b-a2cf17d3-114e2b84&_nocache=1520930815058822415 HTTP/1.1" 200 26184 "https://php-mysql-jolicoeur.c9users.io/phpmyadmin/index.php?token=f7d1685f26269e0484527af86785fe64" "Mozilla/5.0 (Windows NT 10.0; Win64; x64) AppleWebKit/537.36 (KHTML, like Gecko) Chrome/63.0.3239.132 Safari/537.36"
10.240.1.189 - - [13/Mar/2018:08:43:16 +0000] "GET /phpmyadmin/index.php?ajax_request=1&recent_table=1&token=f7d1685f26269e0484527af86785fe64 HTTP/1.1" 200 969 "https://php-mysql-jolicoeur.c9users.io/phpmyadmin/index.php?token=f7d1685f26269e0484527af86785fe64" "Mozilla/5.0 (Windows NT 10.0; Win64; x64) AppleWebKit/537.36 (KHTML, like Gecko) Chrome/63.0.3239.132 Safari/537.36"
10.240.0.222 - - [13/Mar/2018:08:43:19 +0000] "GET /phpmyadmin/sql.php?db=bibliotheek&table=test&token=f7d1685f26269e0484527af86785fe64&pos=0&ajax_request=true&ajax_page_request=true&menuHashes=ff4a6c5a-5422a10b-a2cf17d3-114e2b84-19611cdc&_nocache=1520930818856315326 HTTP/1.1" 200 7585 "https://php-mysql-jolicoeur.c9users.io/phpmyadmin/index.php?token=f7d1685f26269e0484527af86785fe64" "Mozilla/5.0 (Windows NT 10.0; Win64; x64) AppleWebKit/537.36 (KHTML, like Gecko) Chrome/63.0.3239.132 Safari/537.36"
10.240.0.87 - - [13/Mar/2018:08:43:19 +0000] "GET /phpmyadmin/index.php?ajax_request=1&recent_table=1&token=f7d1685f26269e0484527af86785fe64 HTTP/1.1" 200 969 "https://php-mysql-jolicoeur.c9users.io/phpmyadmin/index.php?token=f7d1685f26269e0484527af86785fe64" "Mozilla/5.0 (Windows NT 10.0; Win64; x64) AppleWebKit/537.36 (KHTML, like Gecko) Chrome/63.0.3239.132 Safari/537.36"
10.240.1.220 - - [13/Mar/2018:08:45:52 +0000] "GET /phpmyadmin/tbl_structure.php?server=1&db=bibliotheek&table=test&token=f7d1685f26269e0484527af86785fe64&ajax_request=true&ajax_page_request=true&menuHashes=ff4a6c5a-5422a10b-a2cf17d3-114e2b84-19611cdc&_nocache=1520930971760550682 HTTP/1.1" 200 22840 "https://php-mysql-jolicoeur.c9users.io/phpmyadmin/index.php?token=f7d1685f26269e0484527af86785fe64" "Mozilla/5.0 (Windows NT 10.0; Win64; x64) AppleWebKit/537.36 (KHTML, like Gecko) Chrome/63.0.3239.132 Safari/537.36"
10.240.1.189 - - [13/Mar/2018:08:45:53 +0000] "GET /phpmyadmin/index.php?ajax_request=1&recent_table=1&token=f7d1685f26269e0484527af86785fe64 HTTP/1.1" 200 969 "https://php-mysql-jolicoeur.c9users.io/phpmyadmin/index.php?token=f7d1685f26269e0484527af86785fe64" "Mozilla/5.0 (Windows NT 10.0; Win64; x64) AppleWebKit/537.36 (KHTML, like Gecko) Chrome/63.0.3239.132 Safari/537.36"
10.240.0.187 - - [13/Mar/2018:08:47:33 +0000] "GET / HTTP/1.1" 200 1296 "-" "Mozilla/5.0 (Windows NT 10.0; Win64; x64) AppleWebKit/537.36 (KHTML, like Gecko) Chrome/63.0.3239.132 Safari/537.36"
10.240.0.90 - - [13/Mar/2018:08:47:48 +0000] "POST /auteurinvoer_verw.php HTTP/1.1" 200 465 "https://php-mysql-jolicoeur.c9users.io/auteurinvoer.html" "Mozilla/5.0 (Windows NT 10.0; Win64; x64) AppleWebKit/537.36 (KHTML, like Gecko) Chrome/63.0.3239.132 Safari/537.36"
10.240.1.0 - - [13/Mar/2018:08:47:54 +0000] "GET /phpmyadmin/sql.php?server=1&db=bibliotheek&table=test&pos=0&token=f7d1685f26269e0484527af86785fe64&ajax_request=true&ajax_page_request=true&menuHashes=ff4a6c5a-5422a10b-a2cf17d3-114e2b84-19611cdc&_nocache=15209310934202952 HTTP/1.1" 200 7587 "https://php-mysql-jolicoeur.c9users.io/phpmyadmin/index.php?token=f7d1685f26269e0484527af86785fe64" "Mozilla/5.0 (Windows NT 10.0; Win64; x64) AppleWebKit/537.36 (KHTML, like Gecko) Chrome/63.0.3239.132 Safari/537.36"
10.240.1.220 - - [13/Mar/2018:08:47:55 +0000] "GET /phpmyadmin/index.php?ajax_request=1&recent_table=1&token=f7d1685f26269e0484527af86785fe64 HTTP/1.1" 200 969 "https://php-mysql-jolicoeur.c9users.io/phpmyadmin/index.php?token=f7d1685f26269e0484527af86785fe64" "Mozilla/5.0 (Windows NT 10.0; Win64; x64) AppleWebKit/537.36 (KHTML, like Gecko) Chrome/63.0.3239.132 Safari/537.36"
10.240.0.90 - - [13/Mar/2018:08:47:55 +0000] "GET /phpmyadmin/sql.php?server=1&db=bibliotheek&table=test&pos=0&token=f7d1685f26269e0484527af86785fe64&ajax_request=true&ajax_page_request=true&menuHashes=ff4a6c5a-5422a10b-a2cf17d3-114e2b84-19611cdc&_nocache=1520931095306730 HTTP/1.1" 200 7587 "https://php-mysql-jolicoeur.c9users.io/phpmyadmin/index.php?token=f7d1685f26269e0484527af86785fe64" "Mozilla/5.0 (Windows NT 10.0; Win64; x64) AppleWebKit/537.36 (KHTML, like Gecko) Chrome/63.0.3239.132 Safari/537.36"
10.240.0.90 - - [13/Mar/2018:08:47:55 +0000] "GET /phpmyadmin/index.php?ajax_request=1&recent_table=1&token=f7d1685f26269e0484527af86785fe64 HTTP/1.1" 200 969 "https://php-mysql-jolicoeur.c9users.io/phpmyadmin/index.php?token=f7d1685f26269e0484527af86785fe64" "Mozilla/5.0 (Windows NT 10.0; Win64; x64) AppleWebKit/537.36 (KHTML, like Gecko) Chrome/63.0.3239.132 Safari/537.36"
10.240.0.88 - - [13/Mar/2018:08:48:02 +0000] "GET /phpmyadmin/tbl_structure.php?server=1&db=bibliotheek&table=test&token=f7d1685f26269e0484527af86785fe64&ajax_request=true&ajax_page_request=true&menuHashes=ff4a6c5a-5422a10b-a2cf17d3-114e2b84-19611cdc&_nocache=1520931101286489590 HTTP/1.1" 200 22840 "https://php-mysql-jolicoeur.c9users.io/phpmyadmin/index.php?token=f7d1685f26269e0484527af86785fe64" "Mozilla/5.0 (Windows NT 10.0; Win64; x64) AppleWebKit/537.36 (KHTML, like Gecko) Chrome/63.0.3239.132 Safari/537.36"
10.240.1.189 - - [13/Mar/2018:08:48:02 +0000] "GET /phpmyadmin/index.php?ajax_request=1&recent_table=1&token=f7d1685f26269e0484527af86785fe64 HTTP/1.1" 200 969 "https://php-mysql-jolicoeur.c9users.io/phpmyadmin/index.php?token=f7d1685f26269e0484527af86785fe64" "Mozilla/5.0 (Windows NT 10.0; Win64; x64) AppleWebKit/537.36 (KHTML, like Gecko) Chrome/63.0.3239.132 Safari/537.36"
10.240.1.0 - - [13/Mar/2018:08:48:05 +0000] "GET /phpmyadmin/sql.php?db=bibliotheek&table=test&token=f7d1685f26269e0484527af86785fe64&pos=0&ajax_request=true&ajax_page_request=true&menuHashes=ff4a6c5a-5422a10b-a2cf17d3-114e2b84-19611cdc&_nocache=1520931104908680071 HTTP/1.1" 200 7585 "https://php-mysql-jolicoeur.c9users.io/phpmyadmin/index.php?token=f7d1685f26269e0484527af86785fe64" "Mozilla/5.0 (Windows NT 10.0; Win64; x64) AppleWebKit/537.36 (KHTML, like Gecko) Chrome/63.0.3239.132 Safari/537.36"
10.240.1.97 - - [13/Mar/2018:08:48:05 +0000] "GET /phpmyadmin/index.php?ajax_request=1&recent_table=1&token=f7d1685f26269e0484527af86785fe64 HTTP/1.1" 200 969 "https://php-mysql-jolicoeur.c9users.io/phpmyadmin/index.php?token=f7d1685f26269e0484527af86785fe64" "Mozilla/5.0 (Windows NT 10.0; Win64; x64) AppleWebKit/537.36 (KHTML, like Gecko) Chrome/63.0.3239.132 Safari/537.36"
10.240.0.222 - - [13/Mar/2018:08:49:31 +0000] "GET /auteurinvoer_verw.php HTTP/1.1" 200 341 "-" "Mozilla/5.0 (Windows NT 10.0; Win64; x64) AppleWebKit/537.36 (KHTML, like Gecko) Chrome/63.0.3239.132 Safari/537.36"
10.240.1.189 - - [13/Mar/2018:08:49:40 +0000] "GET /auteurinvoer_verw.html HTTP/1.1" 404 532 "-" "Mozilla/5.0 (Windows NT 10.0; Win64; x64) AppleWebKit/537.36 (KHTML, like Gecko) Chrome/63.0.3239.132 Safari/537.36"
10.240.0.90 - - [13/Mar/2018:08:49:54 +0000] "GET / HTTP/1.1" 200 1290 "-" "Mozilla/5.0 (Windows NT 10.0; Win64; x64) AppleWebKit/537.36 (KHTML, like Gecko) Chrome/63.0.3239.132 Safari/537.36"
10.240.0.87 - - [13/Mar/2018:08:50:05 +0000] "POST /auteurinvoer_verw.php HTTP/1.1" 200 341 "https://php-mysql-jolicoeur.c9users.io/auteurinvoer.html" "Mozilla/5.0 (Windows NT 10.0; Win64; x64) AppleWebKit/537.36 (KHTML, like Gecko) Chrome/63.0.3239.132 Safari/537.36"
10.240.1.189 - - [13/Mar/2018:08:50:13 +0000] "GET /phpmyadmin/tbl_structure.php?server=1&db=bibliotheek&table=test&token=f7d1685f26269e0484527af86785fe64&ajax_request=true&ajax_page_request=true&menuHashes=ff4a6c5a-5422a10b-a2cf17d3-114e2b84-19611cdc&_nocache=1520931233807949009 HTTP/1.1" 200 22840 "https://php-mysql-jolicoeur.c9users.io/phpmyadmin/index.php?token=f7d1685f26269e0484527af86785fe64" "Mozilla/5.0 (Windows NT 10.0; Win64; x64) AppleWebKit/537.36 (KHTML, like Gecko) Chrome/63.0.3239.132 Safari/537.36"
10.240.1.189 - - [13/Mar/2018:08:50:14 +0000] "GET /phpmyadmin/index.php?ajax_request=1&recent_table=1&token=f7d1685f26269e0484527af86785fe64 HTTP/1.1" 200 969 "https://php-mysql-jolicoeur.c9users.io/phpmyadmin/index.php?token=f7d1685f26269e0484527af86785fe64" "Mozilla/5.0 (Windows NT 10.0; Win64; x64) AppleWebKit/537.36 (KHTML, like Gecko) Chrome/63.0.3239.132 Safari/537.36"
10.240.0.90 - - [13/Mar/2018:08:50:15 +0000] "GET /phpmyadmin/sql.php?db=bibliotheek&table=test&token=f7d1685f26269e0484527af86785fe64&pos=0&ajax_request=true&ajax_page_request=true&menuHashes=ff4a6c5a-5422a10b-a2cf17d3-114e2b84-19611cdc&_nocache=1520931235839410392 HTTP/1.1" 200 22355 "https://php-mysql-jolicoeur.c9users.io/phpmyadmin/index.php?token=f7d1685f26269e0484527af86785fe64" "Mozilla/5.0 (Windows NT 10.0; Win64; x64) AppleWebKit/537.36 (KHTML, like Gecko) Chrome/63.0.3239.132 Safari/537.36"
10.240.1.189 - - [13/Mar/2018:08:50:16 +0000] "GET /phpmyadmin/js/get_scripts.js.php?scripts[]=makegrid.js&scripts[]=sql.js HTTP/1.1" 200 93670 "https://php-mysql-jolicoeur.c9users.io/phpmyadmin/index.php?token=f7d1685f26269e0484527af86785fe64" "Mozilla/5.0 (Windows NT 10.0; Win64; x64) AppleWebKit/537.36 (KHTML, like Gecko) Chrome/63.0.3239.132 Safari/537.36"
10.240.0.222 - - [13/Mar/2018:08:50:16 +0000] "GET /phpmyadmin/index.php?ajax_request=1&recent_table=1&token=f7d1685f26269e0484527af86785fe64 HTTP/1.1" 200 969 "https://php-mysql-jolicoeur.c9users.io/phpmyadmin/index.php?token=f7d1685f26269e0484527af86785fe64" "Mozilla/5.0 (Windows NT 10.0; Win64; x64) AppleWebKit/537.36 (KHTML, like Gecko) Chrome/63.0.3239.132 Safari/537.36"
10.240.0.90 - - [13/Mar/2018:08:50:32 +0000] "GET /auteurinvoer_verw.html HTTP/1.1" 404 532 "-" "Mozilla/5.0 (Windows NT 10.0; Win64; x64) AppleWebKit/537.36 (KHTML, like Gecko) Chrome/63.0.3239.132 Safari/537.36"
10.240.0.90 - - [13/Mar/2018:08:50:37 +0000] "GET / HTTP/1.1" 200 1294 "-" "Mozilla/5.0 (Windows NT 10.0; Win64; x64) AppleWebKit/537.36 (KHTML, like Gecko) Chrome/63.0.3239.132 Safari/537.36"
10.240.0.90 - - [13/Mar/2018:08:50:48 +0000] "POST /auteurinvoer_verw.php HTTP/1.1" 200 341 "https://php-mysql-jolicoeur.c9users.io/auteurinvoer.html" "Mozilla/5.0 (Windows NT 10.0; Win64; x64) AppleWebKit/537.36 (KHTML, like Gecko) Chrome/63.0.3239.132 Safari/537.36"
10.240.1.99 - - [13/Mar/2018:08:50:51 +0000] "GET /phpmyadmin/sql.php?server=1&db=bibliotheek&table=test&pos=0&token=f7d1685f26269e0484527af86785fe64&ajax_request=true&ajax_page_request=true&menuHashes=ff4a6c5a-5422a10b-a2cf17d3-114e2b84-19611cdc&_nocache=1520931271262886929 HTTP/1.1" 200 22357 "https://php-mysql-jolicoeur.c9users.io/phpmyadmin/index.php?token=f7d1685f26269e0484527af86785fe64" "Mozilla/5.0 (Windows NT 10.0; Win64; x64) AppleWebKit/537.36 (KHTML, like Gecko) Chrome/63.0.3239.132 Safari/537.36"
10.240.1.0 - - [13/Mar/2018:08:50:52 +0000] "GET /phpmyadmin/index.php?ajax_request=1&recent_table=1&token=f7d1685f26269e0484527af86785fe64 HTTP/1.1" 200 969 "https://php-mysql-jolicoeur.c9users.io/phpmyadmin/index.php?token=f7d1685f26269e0484527af86785fe64" "Mozilla/5.0 (Windows NT 10.0; Win64; x64) AppleWebKit/537.36 (KHTML, like Gecko) Chrome/63.0.3239.132 Safari/537.36"
10.240.0.239 - - [13/Mar/2018:08:50:55 +0000] "GET /phpmyadmin/tbl_structure.php?server=1&db=bibliotheek&table=test&token=f7d1685f26269e0484527af86785fe64&ajax_request=true&ajax_page_request=true&menuHashes=ff4a6c5a-5422a10b-a2cf17d3-114e2b84-19611cdc&_nocache=1520931274992902190 HTTP/1.1" 200 22840 "https://php-mysql-jolicoeur.c9users.io/phpmyadmin/index.php?token=f7d1685f26269e0484527af86785fe64" "Mozilla/5.0 (Windows NT 10.0; Win64; x64) AppleWebKit/537.36 (KHTML, like Gecko) Chrome/63.0.3239.132 Safari/537.36"
10.240.1.189 - - [13/Mar/2018:08:50:56 +0000] "GET /phpmyadmin/index.php?ajax_request=1&recent_table=1&token=f7d1685f26269e0484527af86785fe64 HTTP/1.1" 200 969 "https://php-mysql-jolicoeur.c9users.io/phpmyadmin/index.php?token=f7d1685f26269e0484527af86785fe64" "Mozilla/5.0 (Windows NT 10.0; Win64; x64) AppleWebKit/537.36 (KHTML, like Gecko) Chrome/63.0.3239.132 Safari/537.36"
10.240.0.239 - - [13/Mar/2018:08:50:57 +0000] "GET /phpmyadmin/sql.php?db=bibliotheek&table=test&token=f7d1685f26269e0484527af86785fe64&pos=0&ajax_request=true&ajax_page_request=true&menuHashes=ff4a6c5a-5422a10b-a2cf17d3-114e2b84-19611cdc&_nocache=152093127765194226 HTTP/1.1" 200 22355 "https://php-mysql-jolicoeur.c9users.io/phpmyadmin/index.php?token=f7d1685f26269e0484527af86785fe64" "Mozilla/5.0 (Windows NT 10.0; Win64; x64) AppleWebKit/537.36 (KHTML, like Gecko) Chrome/63.0.3239.132 Safari/537.36"
10.240.0.90 - - [13/Mar/2018:08:50:58 +0000] "GET /phpmyadmin/index.php?ajax_request=1&recent_table=1&token=f7d1685f26269e0484527af86785fe64 HTTP/1.1" 200 969 "https://php-mysql-jolicoeur.c9users.io/phpmyadmin/index.php?token=f7d1685f26269e0484527af86785fe64" "Mozilla/5.0 (Windows NT 10.0; Win64; x64) AppleWebKit/537.36 (KHTML, like Gecko) Chrome/63.0.3239.132 Safari/537.36"
10.240.0.90 - - [13/Mar/2018:08:51:21 +0000] "GET / HTTP/1.1" 200 1294 "-" "Mozilla/5.0 (Windows NT 10.0; Win64; x64) AppleWebKit/537.36 (KHTML, like Gecko) Chrome/63.0.3239.132 Safari/537.36"
10.240.0.187 - - [13/Mar/2018:08:51:31 +0000] "POST /auteurinvoer_verw.php HTTP/1.1" 200 343 "https://php-mysql-jolicoeur.c9users.io/auteurinvoer.html" "Mozilla/5.0 (Windows NT 10.0; Win64; x64) AppleWebKit/537.36 (KHTML, like Gecko) Chrome/63.0.3239.132 Safari/537.36"
10.240.0.239 - - [13/Mar/2018:08:52:05 +0000] "GET / HTTP/1.1" 200 1294 "-" "Mozilla/5.0 (Windows NT 10.0; Win64; x64) AppleWebKit/537.36 (KHTML, like Gecko) Chrome/63.0.3239.132 Safari/537.36"
10.240.1.0 - - [13/Mar/2018:08:52:13 +0000] "POST /auteurinvoer_verw.php HTTP/1.1" 200 341 "https://php-mysql-jolicoeur.c9users.io/auteurinvoer.html" "Mozilla/5.0 (Windows NT 10.0; Win64; x64) AppleWebKit/537.36 (KHTML, like Gecko) Chrome/63.0.3239.132 Safari/537.36"
10.240.0.88 - - [13/Mar/2018:08:52:18 +0000] "GET /phpmyadmin/sql.php?server=1&db=bibliotheek&table=test&pos=0&token=f7d1685f26269e0484527af86785fe64&ajax_request=true&ajax_page_request=true&menuHashes=ff4a6c5a-5422a10b-a2cf17d3-114e2b84-19611cdc&_nocache=1520931357590409172 HTTP/1.1" 200 24646 "https://php-mysql-jolicoeur.c9users.io/phpmyadmin/index.php?token=f7d1685f26269e0484527af86785fe64" "Mozilla/5.0 (Windows NT 10.0; Win64; x64) AppleWebKit/537.36 (KHTML, like Gecko) Chrome/63.0.3239.132 Safari/537.36"
10.240.1.0 - - [13/Mar/2018:08:52:18 +0000] "GET /phpmyadmin/index.php?ajax_request=1&recent_table=1&token=f7d1685f26269e0484527af86785fe64 HTTP/1.1" 200 969 "https://php-mysql-jolicoeur.c9users.io/phpmyadmin/index.php?token=f7d1685f26269e0484527af86785fe64" "Mozilla/5.0 (Windows NT 10.0; Win64; x64) AppleWebKit/537.36 (KHTML, like Gecko) Chrome/63.0.3239.132 Safari/537.36"
10.240.0.239 - - [13/Mar/2018:08:53:30 +0000] "GET /phpmyadmin/sql.php?server=1&db=bibliotheek&table=test&pos=0&token=f7d1685f26269e0484527af86785fe64&ajax_request=true&ajax_page_request=true&menuHashes=ff4a6c5a-5422a10b-a2cf17d3-114e2b84-19611cdc&_nocache=1520931429252907672 HTTP/1.1" 200 24646 "https://php-mysql-jolicoeur.c9users.io/phpmyadmin/index.php?token=f7d1685f26269e0484527af86785fe64" "Mozilla/5.0 (Windows NT 10.0; Win64; x64) AppleWebKit/537.36 (KHTML, like Gecko) Chrome/63.0.3239.132 Safari/537.36"
10.240.0.185 - - [13/Mar/2018:08:53:30 +0000] "GET /phpmyadmin/index.php?ajax_request=1&recent_table=1&token=f7d1685f26269e0484527af86785fe64 HTTP/1.1" 200 969 "https://php-mysql-jolicoeur.c9users.io/phpmyadmin/index.php?token=f7d1685f26269e0484527af86785fe64" "Mozilla/5.0 (Windows NT 10.0; Win64; x64) AppleWebKit/537.36 (KHTML, like Gecko) Chrome/63.0.3239.132 Safari/537.36"
10.240.0.222 - - [13/Mar/2018:08:53:31 +0000] "GET /phpmyadmin/tbl_structure.php?db=bibliotheek&table=test&token=f7d1685f26269e0484527af86785fe64&ajax_request=true&ajax_page_request=true&menuHashes=ff4a6c5a-5422a10b-a2cf17d3-114e2b84-19611cdc&_nocache=1520931430669960964 HTTP/1.1" 200 22838 "https://php-mysql-jolicoeur.c9users.io/phpmyadmin/index.php?token=f7d1685f26269e0484527af86785fe64" "Mozilla/5.0 (Windows NT 10.0; Win64; x64) AppleWebKit/537.36 (KHTML, like Gecko) Chrome/63.0.3239.132 Safari/537.36"
10.240.1.220 - - [13/Mar/2018:08:53:32 +0000] "GET /phpmyadmin/index.php?ajax_request=1&recent_table=1&token=f7d1685f26269e0484527af86785fe64 HTTP/1.1" 200 969 "https://php-mysql-jolicoeur.c9users.io/phpmyadmin/index.php?token=f7d1685f26269e0484527af86785fe64" "Mozilla/5.0 (Windows NT 10.0; Win64; x64) AppleWebKit/537.36 (KHTML, like Gecko) Chrome/63.0.3239.132 Safari/537.36"
10.240.0.239 - - [13/Mar/2018:08:53:36 +0000] "POST /phpmyadmin/tbl_structure.php HTTP/1.1" 200 3626 "https://php-mysql-jolicoeur.c9users.io/phpmyadmin/index.php?token=f7d1685f26269e0484527af86785fe64" "Mozilla/5.0 (Windows NT 10.0; Win64; x64) AppleWebKit/537.36 (KHTML, like Gecko) Chrome/63.0.3239.132 Safari/537.36"
10.240.1.220 - - [13/Mar/2018:08:53:37 +0000] "POST /phpmyadmin/tbl_structure.php HTTP/1.1" 200 3626 "https://php-mysql-jolicoeur.c9users.io/phpmyadmin/index.php?token=f7d1685f26269e0484527af86785fe64" "Mozilla/5.0 (Windows NT 10.0; Win64; x64) AppleWebKit/537.36 (KHTML, like Gecko) Chrome/63.0.3239.132 Safari/537.36"
10.240.0.187 - - [13/Mar/2018:08:53:54 +0000] "GET /phpmyadmin/tbl_change.php?db=bibliotheek&table=test&token=f7d1685f26269e0484527af86785fe64&ajax_request=true&ajax_page_request=true&menuHashes=ff4a6c5a-5422a10b-a2cf17d3-114e2b84-19611cdc&_nocache=1520931454158401395 HTTP/1.1" 200 24381 "https://php-mysql-jolicoeur.c9users.io/phpmyadmin/index.php?token=f7d1685f26269e0484527af86785fe64" "Mozilla/5.0 (Windows NT 10.0; Win64; x64) AppleWebKit/537.36 (KHTML, like Gecko) Chrome/63.0.3239.132 Safari/537.36"
10.240.0.187 - - [13/Mar/2018:08:53:55 +0000] "GET /phpmyadmin/index.php?ajax_request=1&recent_table=1&token=f7d1685f26269e0484527af86785fe64 HTTP/1.1" 200 969 "https://php-mysql-jolicoeur.c9users.io/phpmyadmin/index.php?token=f7d1685f26269e0484527af86785fe64" "Mozilla/5.0 (Windows NT 10.0; Win64; x64) AppleWebKit/537.36 (KHTML, like Gecko) Chrome/63.0.3239.132 Safari/537.36"
10.240.1.0 - - [13/Mar/2018:08:53:58 +0000] "GET /phpmyadmin/tbl_sql.php?db=bibliotheek&table=test&token=f7d1685f26269e0484527af86785fe64&ajax_request=true&ajax_page_request=true&menuHashes=ff4a6c5a-5422a10b-a2cf17d3-114e2b84-19611cdc-3e7b4b87&_nocache=1520931457698433741 HTTP/1.1" 200 9779 "https://php-mysql-jolicoeur.c9users.io/phpmyadmin/index.php?token=f7d1685f26269e0484527af86785fe64" "Mozilla/5.0 (Windows NT 10.0; Win64; x64) AppleWebKit/537.36 (KHTML, like Gecko) Chrome/63.0.3239.132 Safari/537.36"
10.240.0.239 - - [13/Mar/2018:08:53:58 +0000] "GET /phpmyadmin/index.php?ajax_request=1&recent_table=1&token=f7d1685f26269e0484527af86785fe64 HTTP/1.1" 200 969 "https://php-mysql-jolicoeur.c9users.io/phpmyadmin/index.php?token=f7d1685f26269e0484527af86785fe64" "Mozilla/5.0 (Windows NT 10.0; Win64; x64) AppleWebKit/537.36 (KHTML, like Gecko) Chrome/63.0.3239.132 Safari/537.36"
10.240.0.90 - - [13/Mar/2018:08:53:59 +0000] "GET /phpmyadmin/tbl_structure.php?db=bibliotheek&table=test&token=f7d1685f26269e0484527af86785fe64&ajax_request=true&ajax_page_request=true&menuHashes=ff4a6c5a-5422a10b-a2cf17d3-114e2b84-19611cdc-3e7b4b87-1e8b61ea&_nocache=1520931458997525123 HTTP/1.1" 200 22838 "https://php-mysql-jolicoeur.c9users.io/phpmyadmin/index.php?token=f7d1685f26269e0484527af86785fe64" "Mozilla/5.0 (Windows NT 10.0; Win64; x64) AppleWebKit/537.36 (KHTML, like Gecko) Chrome/63.0.3239.132 Safari/537.36"
10.240.0.239 - - [13/Mar/2018:08:53:59 +0000] "GET /phpmyadmin/index.php?ajax_request=1&recent_table=1&token=f7d1685f26269e0484527af86785fe64 HTTP/1.1" 200 969 "https://php-mysql-jolicoeur.c9users.io/phpmyadmin/index.php?token=f7d1685f26269e0484527af86785fe64" "Mozilla/5.0 (Windows NT 10.0; Win64; x64) AppleWebKit/537.36 (KHTML, like Gecko) Chrome/63.0.3239.132 Safari/537.36"
10.240.0.239 - - [13/Mar/2018:08:54:07 +0000] "GET /phpmyadmin/navigation.php?ajax_request=1&token=f7d1685f26269e0484527af86785fe64&aPath=cm9vdA%3D%3D.YmlibGlvdGhlZWs%3D.dGFibGVz.dGVzdA%3D%3D.Y29sdW1ucw%3D%3D&vPath=cm9vdA%3D%3D.YmlibGlvdGhlZWs%3D.VGFiZWxsZW4%3D.dGVzdA%3D%3D.S29sb21tZW4%3D&pos=0&pos2_name=tables&pos2_value=0&searchClause=&searchClause2=&_nocache=1520931467819822840 HTTP/1.1" 200 2441 "https://php-mysql-jolicoeur.c9users.io/phpmyadmin/index.php?token=f7d1685f26269e0484527af86785fe64" "Mozilla/5.0 (Windows NT 10.0; Win64; x64) AppleWebKit/537.36 (KHTML, like Gecko) Chrome/63.0.3239.132 Safari/537.36"
10.240.1.220 - - [13/Mar/2018:08:54:10 +0000] "GET /phpmyadmin/tbl_addfield.php?server=1&db=bibliotheek&table=test&field_where=last&after_field=&token=f7d1685f26269e0484527af86785fe64&ajax_request=true&ajax_page_request=true&menuHashes=ff4a6c5a-5422a10b-a2cf17d3-114e2b84-19611cdc-3e7b4b87-1e8b61ea&_nocache=1520931470044918717 HTTP/1.1" 200 43810 "https://php-mysql-jolicoeur.c9users.io/phpmyadmin/index.php?token=f7d1685f26269e0484527af86785fe64" "Mozilla/5.0 (Windows NT 10.0; Win64; x64) AppleWebKit/537.36 (KHTML, like Gecko) Chrome/63.0.3239.132 Safari/537.36"
10.240.0.187 - - [13/Mar/2018:08:54:10 +0000] "GET /phpmyadmin/index.php?ajax_request=1&recent_table=1&token=f7d1685f26269e0484527af86785fe64 HTTP/1.1" 200 969 "https://php-mysql-jolicoeur.c9users.io/phpmyadmin/index.php?token=f7d1685f26269e0484527af86785fe64" "Mozilla/5.0 (Windows NT 10.0; Win64; x64) AppleWebKit/537.36 (KHTML, like Gecko) Chrome/63.0.3239.132 Safari/537.36"
10.240.1.99 - - [13/Mar/2018:08:54:44 +0000] "POST /phpmyadmin/tbl_addfield.php HTTP/1.1" 200 2936 "https://php-mysql-jolicoeur.c9users.io/phpmyadmin/index.php?token=f7d1685f26269e0484527af86785fe64" "Mozilla/5.0 (Windows NT 10.0; Win64; x64) AppleWebKit/537.36 (KHTML, like Gecko) Chrome/63.0.3239.132 Safari/537.36"
10.240.1.99 - - [13/Mar/2018:08:54:44 +0000] "POST /phpmyadmin/navigation.php?ajax_request=1&token=f7d1685f26269e0484527af86785fe64 HTTP/1.1" 200 17169 "https://php-mysql-jolicoeur.c9users.io/phpmyadmin/index.php?token=f7d1685f26269e0484527af86785fe64" "Mozilla/5.0 (Windows NT 10.0; Win64; x64) AppleWebKit/537.36 (KHTML, like Gecko) Chrome/63.0.3239.132 Safari/537.36"
10.240.0.239 - - [13/Mar/2018:08:54:45 +0000] "POST /phpmyadmin/index.php?token=f7d1685f26269e0484527af86785fe64 HTTP/1.1" 200 33984 "https://php-mysql-jolicoeur.c9users.io/phpmyadmin/index.php?token=f7d1685f26269e0484527af86785fe64" "Mozilla/5.0 (Windows NT 10.0; Win64; x64) AppleWebKit/537.36 (KHTML, like Gecko) Chrome/63.0.3239.132 Safari/537.36"
10.240.1.0 - - [13/Mar/2018:08:55:07 +0000] "GET /phpmyadmin/tbl_structure.php?server=1&db=bibliotheek&table=test&field=autheur_nummer&change_column=1&token=f7d1685f26269e0484527af86785fe64&ajax_request=true&ajax_page_request=true&menuHashes=ff4a6c5a-5422a10b-a2cf17d3-114e2b84-19611cdc-3e7b4b87-1e8b61ea&_nocache=1520931526918687200 HTTP/1.1" 200 44024 "https://php-mysql-jolicoeur.c9users.io/phpmyadmin/index.php?token=f7d1685f26269e0484527af86785fe64" "Mozilla/5.0 (Windows NT 10.0; Win64; x64) AppleWebKit/537.36 (KHTML, like Gecko) Chrome/63.0.3239.132 Safari/537.36"
10.240.0.87 - - [13/Mar/2018:08:55:08 +0000] "GET /phpmyadmin/index.php?ajax_request=1&recent_table=1&token=f7d1685f26269e0484527af86785fe64 HTTP/1.1" 200 969 "https://php-mysql-jolicoeur.c9users.io/phpmyadmin/index.php?token=f7d1685f26269e0484527af86785fe64" "Mozilla/5.0 (Windows NT 10.0; Win64; x64) AppleWebKit/537.36 (KHTML, like Gecko) Chrome/63.0.3239.132 Safari/537.36"
10.240.0.222 - - [13/Mar/2018:08:55:36 +0000] "GET / HTTP/1.1" 200 1295 "-" "Mozilla/5.0 (Windows NT 10.0; Win64; x64) AppleWebKit/537.36 (KHTML, like Gecko) Chrome/63.0.3239.132 Safari/537.36"
10.240.1.97 - - [13/Mar/2018:08:55:46 +0000] "POST /auteurinvoer_verw.php HTTP/1.1" 200 341 "https://php-mysql-jolicoeur.c9users.io/auteurinvoer.html" "Mozilla/5.0 (Windows NT 10.0; Win64; x64) AppleWebKit/537.36 (KHTML, like Gecko) Chrome/63.0.3239.132 Safari/537.36"
10.240.1.220 - - [13/Mar/2018:08:55:52 +0000] "GET /phpmyadmin/sql.php?server=1&db=bibliotheek&table=test&pos=0&token=f7d1685f26269e0484527af86785fe64&ajax_request=true&ajax_page_request=true&menuHashes=ff4a6c5a-5422a10b-a2cf17d3-114e2b84-19611cdc-3e7b4b87-1e8b61ea&_nocache=1520931571539310430 HTTP/1.1" 200 27507 "https://php-mysql-jolicoeur.c9users.io/phpmyadmin/index.php?token=f7d1685f26269e0484527af86785fe64" "Mozilla/5.0 (Windows NT 10.0; Win64; x64) AppleWebKit/537.36 (KHTML, like Gecko) Chrome/63.0.3239.132 Safari/537.36"
10.240.0.90 - - [13/Mar/2018:08:55:52 +0000] "GET /phpmyadmin/index.php?ajax_request=1&recent_table=1&token=f7d1685f26269e0484527af86785fe64 HTTP/1.1" 200 969 "https://php-mysql-jolicoeur.c9users.io/phpmyadmin/index.php?token=f7d1685f26269e0484527af86785fe64" "Mozilla/5.0 (Windows NT 10.0; Win64; x64) AppleWebKit/537.36 (KHTML, like Gecko) Chrome/63.0.3239.132 Safari/537.36"
10.240.0.239 - - [13/Mar/2018:08:59:36 +0000] "GET /phpmyadmin/tbl_addfield.php?server=1&db=bibliotheek&table=test&field_where=last&after_field=&token=f7d1685f26269e0484527af86785fe64&ajax_request=true&ajax_page_request=true&menuHashes=ff4a6c5a-5422a10b-a2cf17d3-114e2b84-19611cdc-3e7b4b87-1e8b61ea&_nocache=1520931795393559903 HTTP/1.1" 200 43810 "https://php-mysql-jolicoeur.c9users.io/phpmyadmin/index.php?token=f7d1685f26269e0484527af86785fe64" "Mozilla/5.0 (Windows NT 10.0; Win64; x64) AppleWebKit/537.36 (KHTML, like Gecko) Chrome/63.0.3239.132 Safari/537.36"
10.240.0.185 - - [13/Mar/2018:08:59:37 +0000] "GET /phpmyadmin/index.php?ajax_request=1&recent_table=1&token=f7d1685f26269e0484527af86785fe64 HTTP/1.1" 200 969 "https://php-mysql-jolicoeur.c9users.io/phpmyadmin/index.php?token=f7d1685f26269e0484527af86785fe64" "Mozilla/5.0 (Windows NT 10.0; Win64; x64) AppleWebKit/537.36 (KHTML, like Gecko) Chrome/63.0.3239.132 Safari/537.36"
10.240.0.88 - - [13/Mar/2018:09:00:28 +0000] "POST /phpmyadmin/tbl_addfield.php HTTP/1.1" 200 2916 "https://php-mysql-jolicoeur.c9users.io/phpmyadmin/index.php?token=f7d1685f26269e0484527af86785fe64" "Mozilla/5.0 (Windows NT 10.0; Win64; x64) AppleWebKit/537.36 (KHTML, like Gecko) Chrome/63.0.3239.132 Safari/537.36"
10.240.0.88 - - [13/Mar/2018:09:00:29 +0000] "POST /phpmyadmin/navigation.php?ajax_request=1&token=f7d1685f26269e0484527af86785fe64 HTTP/1.1" 200 17820 "https://php-mysql-jolicoeur.c9users.io/phpmyadmin/index.php?token=f7d1685f26269e0484527af86785fe64" "Mozilla/5.0 (Windows NT 10.0; Win64; x64) AppleWebKit/537.36 (KHTML, like Gecko) Chrome/63.0.3239.132 Safari/537.36"
10.240.1.0 - - [13/Mar/2018:09:00:29 +0000] "POST /phpmyadmin/index.php?token=f7d1685f26269e0484527af86785fe64 HTTP/1.1" 200 33984 "https://php-mysql-jolicoeur.c9users.io/phpmyadmin/index.php?token=f7d1685f26269e0484527af86785fe64" "Mozilla/5.0 (Windows NT 10.0; Win64; x64) AppleWebKit/537.36 (KHTML, like Gecko) Chrome/63.0.3239.132 Safari/537.36"
10.240.0.185 - - [13/Mar/2018:09:01:16 +0000] "GET /phpmyadmin/tbl_addfield.php?server=1&db=bibliotheek&table=test&field_where=last&after_field=&token=f7d1685f26269e0484527af86785fe64&ajax_request=true&ajax_page_request=true&menuHashes=ff4a6c5a-5422a10b-a2cf17d3-114e2b84-19611cdc-3e7b4b87-1e8b61ea&_nocache=1520931895193508645 HTTP/1.1" 200 43810 "https://php-mysql-jolicoeur.c9users.io/phpmyadmin/index.php?token=f7d1685f26269e0484527af86785fe64" "Mozilla/5.0 (Windows NT 10.0; Win64; x64) AppleWebKit/537.36 (KHTML, like Gecko) Chrome/63.0.3239.132 Safari/537.36"
10.240.0.88 - - [13/Mar/2018:09:01:16 +0000] "GET /phpmyadmin/index.php?ajax_request=1&recent_table=1&token=f7d1685f26269e0484527af86785fe64 HTTP/1.1" 200 969 "https://php-mysql-jolicoeur.c9users.io/phpmyadmin/index.php?token=f7d1685f26269e0484527af86785fe64" "Mozilla/5.0 (Windows NT 10.0; Win64; x64) AppleWebKit/537.36 (KHTML, like Gecko) Chrome/63.0.3239.132 Safari/537.36"
10.240.0.185 - - [13/Mar/2018:09:01:39 +0000] "GET /phpmyadmin/tbl_structure.php?server=1&db=bibliotheek&table=test&field=voorletter&change_column=1&token=f7d1685f26269e0484527af86785fe64&ajax_request=true&ajax_page_request=true&menuHashes=ff4a6c5a-5422a10b-a2cf17d3-114e2b84-19611cdc-3e7b4b87-1e8b61ea&_nocache=1520931918937388278 HTTP/1.1" 200 44062 "https://php-mysql-jolicoeur.c9users.io/phpmyadmin/index.php?token=f7d1685f26269e0484527af86785fe64" "Mozilla/5.0 (Windows NT 10.0; Win64; x64) AppleWebKit/537.36 (KHTML, like Gecko) Chrome/63.0.3239.132 Safari/537.36"
10.240.0.185 - - [13/Mar/2018:09:01:39 +0000] "GET /phpmyadmin/index.php?ajax_request=1&recent_table=1&token=f7d1685f26269e0484527af86785fe64 HTTP/1.1" 200 969 "https://php-mysql-jolicoeur.c9users.io/phpmyadmin/index.php?token=f7d1685f26269e0484527af86785fe64" "Mozilla/5.0 (Windows NT 10.0; Win64; x64) AppleWebKit/537.36 (KHTML, like Gecko) Chrome/63.0.3239.132 Safari/537.36"
10.240.0.222 - - [13/Mar/2018:09:01:44 +0000] "POST /phpmyadmin/tbl_structure.php HTTP/1.1" 200 3788 "https://php-mysql-jolicoeur.c9users.io/phpmyadmin/index.php?token=f7d1685f26269e0484527af86785fe64" "Mozilla/5.0 (Windows NT 10.0; Win64; x64) AppleWebKit/537.36 (KHTML, like Gecko) Chrome/63.0.3239.132 Safari/537.36"
10.240.1.0 - - [13/Mar/2018:09:02:03 +0000] "POST /phpmyadmin/tbl_structure.php HTTP/1.1" 200 3788 "https://php-mysql-jolicoeur.c9users.io/phpmyadmin/index.php?token=f7d1685f26269e0484527af86785fe64" "Mozilla/5.0 (Windows NT 10.0; Win64; x64) AppleWebKit/537.36 (KHTML, like Gecko) Chrome/63.0.3239.132 Safari/537.36"
10.240.0.185 - - [13/Mar/2018:09:02:09 +0000] "POST /phpmyadmin/tbl_structure.php HTTP/1.1" 200 32403 "https://php-mysql-jolicoeur.c9users.io/phpmyadmin/index.php?token=f7d1685f26269e0484527af86785fe64" "Mozilla/5.0 (Windows NT 10.0; Win64; x64) AppleWebKit/537.36 (KHTML, like Gecko) Chrome/63.0.3239.132 Safari/537.36"
10.240.0.185 - - [13/Mar/2018:09:02:10 +0000] "POST /phpmyadmin/tbl_structure.php HTTP/1.1" 200 29234 "https://php-mysql-jolicoeur.c9users.io/phpmyadmin/index.php?token=f7d1685f26269e0484527af86785fe64" "Mozilla/5.0 (Windows NT 10.0; Win64; x64) AppleWebKit/537.36 (KHTML, like Gecko) Chrome/63.0.3239.132 Safari/537.36"
10.240.1.97 - - [13/Mar/2018:09:02:10 +0000] "POST /phpmyadmin/navigation.php?ajax_request=1&token=f7d1685f26269e0484527af86785fe64 HTTP/1.1" 200 17820 "https://php-mysql-jolicoeur.c9users.io/phpmyadmin/index.php?token=f7d1685f26269e0484527af86785fe64" "Mozilla/5.0 (Windows NT 10.0; Win64; x64) AppleWebKit/537.36 (KHTML, like Gecko) Chrome/63.0.3239.132 Safari/537.36"
10.240.1.97 - - [13/Mar/2018:09:02:26 +0000] "GET / HTTP/1.1" 200 1295 "-" "Mozilla/5.0 (Windows NT 10.0; Win64; x64) AppleWebKit/537.36 (KHTML, like Gecko) Chrome/63.0.3239.132 Safari/537.36"
10.240.0.185 - - [13/Mar/2018:09:02:33 +0000] "POST /auteurinvoer_verw.php HTTP/1.1" 200 341 "https://php-mysql-jolicoeur.c9users.io/auteurinvoer.html" "Mozilla/5.0 (Windows NT 10.0; Win64; x64) AppleWebKit/537.36 (KHTML, like Gecko) Chrome/63.0.3239.132 Safari/537.36"
10.240.1.189 - - [13/Mar/2018:09:02:33 +0000] "POST /auteurinvoer_verw.php HTTP/1.1" 200 341 "https://php-mysql-jolicoeur.c9users.io/auteurinvoer.html" "Mozilla/5.0 (Windows NT 10.0; Win64; x64) AppleWebKit/537.36 (KHTML, like Gecko) Chrome/63.0.3239.132 Safari/537.36"
10.240.0.222 - - [13/Mar/2018:09:02:41 +0000] "POST /auteurinvoer_verw.php HTTP/1.1" 200 341 "https://php-mysql-jolicoeur.c9users.io/auteurinvoer.html" "Mozilla/5.0 (Windows NT 10.0; Win64; x64) AppleWebKit/537.36 (KHTML, like Gecko) Chrome/63.0.3239.132 Safari/537.36"
10.240.0.185 - - [13/Mar/2018:09:02:49 +0000] "POST /phpmyadmin/navigation.php?ajax_request=1&token=f7d1685f26269e0484527af86785fe64 HTTP/1.1" 200 17820 "https://php-mysql-jolicoeur.c9users.io/phpmyadmin/index.php?token=f7d1685f26269e0484527af86785fe64" "Mozilla/5.0 (Windows NT 10.0; Win64; x64) AppleWebKit/537.36 (KHTML, like Gecko) Chrome/63.0.3239.132 Safari/537.36"
10.240.0.239 - - [13/Mar/2018:09:02:53 +0000] "POST /phpmyadmin/navigation.php?ajax_request=1&token=f7d1685f26269e0484527af86785fe64 HTTP/1.1" 200 17820 "https://php-mysql-jolicoeur.c9users.io/phpmyadmin/index.php?token=f7d1685f26269e0484527af86785fe64" "Mozilla/5.0 (Windows NT 10.0; Win64; x64) AppleWebKit/537.36 (KHTML, like Gecko) Chrome/63.0.3239.132 Safari/537.36"
10.240.0.222 - - [13/Mar/2018:09:02:58 +0000] "GET /phpmyadmin/tbl_structure.php?server=1&db=bibliotheek&table=test&field=autheur_nummer&change_column=1&token=f7d1685f26269e0484527af86785fe64&ajax_request=true&ajax_page_request=true&menuHashes=ff4a6c5a-5422a10b-a2cf17d3-114e2b84-19611cdc-3e7b4b87-1e8b61ea&_nocache=1520931998024334626 HTTP/1.1" 200 44078 "https://php-mysql-jolicoeur.c9users.io/phpmyadmin/index.php?token=f7d1685f26269e0484527af86785fe64" "Mozilla/5.0 (Windows NT 10.0; Win64; x64) AppleWebKit/537.36 (KHTML, like Gecko) Chrome/63.0.3239.132 Safari/537.36"
10.240.0.222 - - [13/Mar/2018:09:02:59 +0000] "GET /phpmyadmin/index.php?ajax_request=1&recent_table=1&token=f7d1685f26269e0484527af86785fe64 HTTP/1.1" 200 969 "https://php-mysql-jolicoeur.c9users.io/phpmyadmin/index.php?token=f7d1685f26269e0484527af86785fe64" "Mozilla/5.0 (Windows NT 10.0; Win64; x64) AppleWebKit/537.36 (KHTML, like Gecko) Chrome/63.0.3239.132 Safari/537.36"
10.240.0.185 - - [13/Mar/2018:09:03:04 +0000] "GET /phpmyadmin/tbl_structure.php?server=1&db=bibliotheek&table=test&token=f7d1685f26269e0484527af86785fe64&ajax_request=true&ajax_page_request=true&menuHashes=ff4a6c5a-5422a10b-a2cf17d3-114e2b84-19611cdc-3e7b4b87-1e8b61ea&_nocache=1520932004023550358 HTTP/1.1" 200 30863 "https://php-mysql-jolicoeur.c9users.io/phpmyadmin/index.php?token=f7d1685f26269e0484527af86785fe64" "Mozilla/5.0 (Windows NT 10.0; Win64; x64) AppleWebKit/537.36 (KHTML, like Gecko) Chrome/63.0.3239.132 Safari/537.36"
10.240.1.97 - - [13/Mar/2018:09:03:04 +0000] "GET /phpmyadmin/index.php?ajax_request=1&recent_table=1&token=f7d1685f26269e0484527af86785fe64 HTTP/1.1" 200 969 "https://php-mysql-jolicoeur.c9users.io/phpmyadmin/index.php?token=f7d1685f26269e0484527af86785fe64" "Mozilla/5.0 (Windows NT 10.0; Win64; x64) AppleWebKit/537.36 (KHTML, like Gecko) Chrome/63.0.3239.132 Safari/537.36"
10.240.0.222 - - [13/Mar/2018:09:03:11 +0000] "GET /phpmyadmin/tbl_structure.php?server=1&db=bibliotheek&table=test&token=f7d1685f26269e0484527af86785fe64&ajax_request=true&ajax_page_request=true&menuHashes=ff4a6c5a-5422a10b-a2cf17d3-114e2b84-19611cdc-3e7b4b87-1e8b61ea&_nocache=1520932011039606287 HTTP/1.1" 200 30863 "https://php-mysql-jolicoeur.c9users.io/phpmyadmin/index.php?token=f7d1685f26269e0484527af86785fe64" "Mozilla/5.0 (Windows NT 10.0; Win64; x64) AppleWebKit/537.36 (KHTML, like Gecko) Chrome/63.0.3239.132 Safari/537.36"
10.240.0.90 - - [13/Mar/2018:09:03:12 +0000] "GET /phpmyadmin/index.php?ajax_request=1&recent_table=1&token=f7d1685f26269e0484527af86785fe64 HTTP/1.1" 200 969 "https://php-mysql-jolicoeur.c9users.io/phpmyadmin/index.php?token=f7d1685f26269e0484527af86785fe64" "Mozilla/5.0 (Windows NT 10.0; Win64; x64) AppleWebKit/537.36 (KHTML, like Gecko) Chrome/63.0.3239.132 Safari/537.36"
10.240.0.87 - - [13/Mar/2018:09:03:36 +0000] "POST /phpmyadmin/tbl_addfield.php HTTP/1.1" 200 43812 "https://php-mysql-jolicoeur.c9users.io/phpmyadmin/index.php?token=f7d1685f26269e0484527af86785fe64" "Mozilla/5.0 (Windows NT 10.0; Win64; x64) AppleWebKit/537.36 (KHTML, like Gecko) Chrome/63.0.3239.132 Safari/537.36"
10.240.0.88 - - [13/Mar/2018:09:03:37 +0000] "GET /phpmyadmin/index.php?ajax_request=1&recent_table=1&token=f7d1685f26269e0484527af86785fe64 HTTP/1.1" 200 969 "https://php-mysql-jolicoeur.c9users.io/phpmyadmin/index.php?token=f7d1685f26269e0484527af86785fe64" "Mozilla/5.0 (Windows NT 10.0; Win64; x64) AppleWebKit/537.36 (KHTML, like Gecko) Chrome/63.0.3239.132 Safari/537.36"
10.240.1.189 - - [13/Mar/2018:09:03:40 +0000] "GET /phpmyadmin/sql.php?db=bibliotheek&table=test&token=f7d1685f26269e0484527af86785fe64&pos=0&ajax_request=true&ajax_page_request=true&menuHashes=ff4a6c5a-5422a10b-a2cf17d3-114e2b84-19611cdc-3e7b4b87-1e8b61ea&_nocache=1520932039895507782 HTTP/1.1" 200 35308 "https://php-mysql-jolicoeur.c9users.io/phpmyadmin/index.php?token=f7d1685f26269e0484527af86785fe64" "Mozilla/5.0 (Windows NT 10.0; Win64; x64) AppleWebKit/537.36 (KHTML, like Gecko) Chrome/63.0.3239.132 Safari/537.36"
10.240.0.88 - - [13/Mar/2018:09:03:41 +0000] "GET /phpmyadmin/index.php?ajax_request=1&recent_table=1&token=f7d1685f26269e0484527af86785fe64 HTTP/1.1" 200 969 "https://php-mysql-jolicoeur.c9users.io/phpmyadmin/index.php?token=f7d1685f26269e0484527af86785fe64" "Mozilla/5.0 (Windows NT 10.0; Win64; x64) AppleWebKit/537.36 (KHTML, like Gecko) Chrome/63.0.3239.132 Safari/537.36"
10.240.0.187 - - [13/Mar/2018:09:03:48 +0000] "GET /phpmyadmin/tbl_structure.php?server=1&db=bibliotheek&table=test&field=voorletter&change_column=1&token=f7d1685f26269e0484527af86785fe64&ajax_request=true&ajax_page_request=true&menuHashes=ff4a6c5a-5422a10b-a2cf17d3-114e2b84-19611cdc-3e7b4b87-1e8b61ea&_nocache=1520932047487770069 HTTP/1.1" 200 44062 "https://php-mysql-jolicoeur.c9users.io/phpmyadmin/index.php?token=f7d1685f26269e0484527af86785fe64" "Mozilla/5.0 (Windows NT 10.0; Win64; x64) AppleWebKit/537.36 (KHTML, like Gecko) Chrome/63.0.3239.132 Safari/537.36"
10.240.1.97 - - [13/Mar/2018:09:03:49 +0000] "GET /phpmyadmin/index.php?ajax_request=1&recent_table=1&token=f7d1685f26269e0484527af86785fe64 HTTP/1.1" 200 969 "https://php-mysql-jolicoeur.c9users.io/phpmyadmin/index.php?token=f7d1685f26269e0484527af86785fe64" "Mozilla/5.0 (Windows NT 10.0; Win64; x64) AppleWebKit/537.36 (KHTML, like Gecko) Chrome/63.0.3239.132 Safari/537.36"
10.240.1.97 - - [13/Mar/2018:09:03:49 +0000] "GET /phpmyadmin/tbl_structure.php?server=1&db=bibliotheek&table=test&field=naam&change_column=1&token=f7d1685f26269e0484527af86785fe64&ajax_request=true&ajax_page_request=true&menuHashes=ff4a6c5a-5422a10b-a2cf17d3-114e2b84-19611cdc-3e7b4b87-1e8b61ea&_nocache=152093204976289911 HTTP/1.1" 200 44038 "https://php-mysql-jolicoeur.c9users.io/phpmyadmin/index.php?token=f7d1685f26269e0484527af86785fe64" "Mozilla/5.0 (Windows NT 10.0; Win64; x64) AppleWebKit/537.36 (KHTML, like Gecko) Chrome/63.0.3239.132 Safari/537.36"
10.240.0.187 - - [13/Mar/2018:09:03:50 +0000] "GET /phpmyadmin/index.php?ajax_request=1&recent_table=1&token=f7d1685f26269e0484527af86785fe64 HTTP/1.1" 200 969 "https://php-mysql-jolicoeur.c9users.io/phpmyadmin/index.php?token=f7d1685f26269e0484527af86785fe64" "Mozilla/5.0 (Windows NT 10.0; Win64; x64) AppleWebKit/537.36 (KHTML, like Gecko) Chrome/63.0.3239.132 Safari/537.36"
10.240.1.189 - - [13/Mar/2018:09:03:51 +0000] "GET /phpmyadmin/tbl_structure.php?server=1&db=bibliotheek&table=test&field=ID&change_column=1&token=f7d1685f26269e0484527af86785fe64&ajax_request=true&ajax_page_request=true&menuHashes=ff4a6c5a-5422a10b-a2cf17d3-114e2b84-19611cdc-3e7b4b87-1e8b61ea&_nocache=1520932051037763476 HTTP/1.1" 200 44050 "https://php-mysql-jolicoeur.c9users.io/phpmyadmin/index.php?token=f7d1685f26269e0484527af86785fe64" "Mozilla/5.0 (Windows NT 10.0; Win64; x64) AppleWebKit/537.36 (KHTML, like Gecko) Chrome/63.0.3239.132 Safari/537.36"
10.240.1.97 - - [13/Mar/2018:09:03:51 +0000] "GET /phpmyadmin/index.php?ajax_request=1&recent_table=1&token=f7d1685f26269e0484527af86785fe64 HTTP/1.1" 200 969 "https://php-mysql-jolicoeur.c9users.io/phpmyadmin/index.php?token=f7d1685f26269e0484527af86785fe64" "Mozilla/5.0 (Windows NT 10.0; Win64; x64) AppleWebKit/537.36 (KHTML, like Gecko) Chrome/63.0.3239.132 Safari/537.36"
10.240.0.88 - - [13/Mar/2018:09:03:52 +0000] "GET /phpmyadmin/tbl_structure.php?server=1&db=bibliotheek&table=test&field=autheur_nummer&change_column=1&token=f7d1685f26269e0484527af86785fe64&ajax_request=true&ajax_page_request=true&menuHashes=ff4a6c5a-5422a10b-a2cf17d3-114e2b84-19611cdc-3e7b4b87-1e8b61ea&_nocache=1520932052047448265 HTTP/1.1" 200 44078 "https://php-mysql-jolicoeur.c9users.io/phpmyadmin/index.php?token=f7d1685f26269e0484527af86785fe64" "Mozilla/5.0 (Windows NT 10.0; Win64; x64) AppleWebKit/537.36 (KHTML, like Gecko) Chrome/63.0.3239.132 Safari/537.36"
10.240.0.87 - - [13/Mar/2018:09:03:52 +0000] "GET /phpmyadmin/index.php?ajax_request=1&recent_table=1&token=f7d1685f26269e0484527af86785fe64 HTTP/1.1" 200 969 "https://php-mysql-jolicoeur.c9users.io/phpmyadmin/index.php?token=f7d1685f26269e0484527af86785fe64" "Mozilla/5.0 (Windows NT 10.0; Win64; x64) AppleWebKit/537.36 (KHTML, like Gecko) Chrome/63.0.3239.132 Safari/537.36"
10.240.1.220 - - [13/Mar/2018:09:03:54 +0000] "GET /phpmyadmin/tbl_addfield.php?server=1&db=bibliotheek&table=test&field_where=last&after_field=&token=f7d1685f26269e0484527af86785fe64&ajax_request=true&ajax_page_request=true&menuHashes=ff4a6c5a-5422a10b-a2cf17d3-114e2b84-19611cdc-3e7b4b87-1e8b61ea&_nocache=1520932053236241538 HTTP/1.1" 200 43810 "https://php-mysql-jolicoeur.c9users.io/phpmyadmin/index.php?token=f7d1685f26269e0484527af86785fe64" "Mozilla/5.0 (Windows NT 10.0; Win64; x64) AppleWebKit/537.36 (KHTML, like Gecko) Chrome/63.0.3239.132 Safari/537.36"
10.240.0.90 - - [13/Mar/2018:09:03:54 +0000] "GET /phpmyadmin/index.php?ajax_request=1&recent_table=1&token=f7d1685f26269e0484527af86785fe64 HTTP/1.1" 200 969 "https://php-mysql-jolicoeur.c9users.io/phpmyadmin/index.php?token=f7d1685f26269e0484527af86785fe64" "Mozilla/5.0 (Windows NT 10.0; Win64; x64) AppleWebKit/537.36 (KHTML, like Gecko) Chrome/63.0.3239.132 Safari/537.36"
10.240.0.187 - - [13/Mar/2018:09:03:55 +0000] "GET /phpmyadmin/tbl_structure.php?server=1&db=bibliotheek&table=test&token=f7d1685f26269e0484527af86785fe64&ajax_request=true&ajax_page_request=true&menuHashes=ff4a6c5a-5422a10b-a2cf17d3-114e2b84-19611cdc-3e7b4b87-1e8b61ea&_nocache=152093205536571590 HTTP/1.1" 200 30863 "https://php-mysql-jolicoeur.c9users.io/phpmyadmin/index.php?token=f7d1685f26269e0484527af86785fe64" "Mozilla/5.0 (Windows NT 10.0; Win64; x64) AppleWebKit/537.36 (KHTML, like Gecko) Chrome/63.0.3239.132 Safari/537.36"
10.240.1.220 - - [13/Mar/2018:09:03:55 +0000] "GET /phpmyadmin/index.php?ajax_request=1&recent_table=1&token=f7d1685f26269e0484527af86785fe64 HTTP/1.1" 200 969 "https://php-mysql-jolicoeur.c9users.io/phpmyadmin/index.php?token=f7d1685f26269e0484527af86785fe64" "Mozilla/5.0 (Windows NT 10.0; Win64; x64) AppleWebKit/537.36 (KHTML, like Gecko) Chrome/63.0.3239.132 Safari/537.36"
10.240.1.97 - - [13/Mar/2018:09:04:10 +0000] "GET /phpmyadmin/tbl_import.php?db=bibliotheek&table=test&token=f7d1685f26269e0484527af86785fe64&ajax_request=true&ajax_page_request=true&menuHashes=ff4a6c5a-5422a10b-a2cf17d3-114e2b84-19611cdc-3e7b4b87-1e8b61ea&_nocache=1520932070179280957 HTTP/1.1" 200 18892 "https://php-mysql-jolicoeur.c9users.io/phpmyadmin/index.php?token=f7d1685f26269e0484527af86785fe64" "Mozilla/5.0 (Windows NT 10.0; Win64; x64) AppleWebKit/537.36 (KHTML, like Gecko) Chrome/63.0.3239.132 Safari/537.36"
10.240.1.189 - - [13/Mar/2018:09:04:10 +0000] "GET /phpmyadmin/js/get_scripts.js.php?scripts[]=import.js HTTP/1.1" 200 3567 "https://php-mysql-jolicoeur.c9users.io/phpmyadmin/index.php?token=f7d1685f26269e0484527af86785fe64" "Mozilla/5.0 (Windows NT 10.0; Win64; x64) AppleWebKit/537.36 (KHTML, like Gecko) Chrome/63.0.3239.132 Safari/537.36"
10.240.0.187 - - [13/Mar/2018:09:04:10 +0000] "GET /phpmyadmin/index.php?ajax_request=1&recent_table=1&token=f7d1685f26269e0484527af86785fe64 HTTP/1.1" 200 969 "https://php-mysql-jolicoeur.c9users.io/phpmyadmin/index.php?token=f7d1685f26269e0484527af86785fe64" "Mozilla/5.0 (Windows NT 10.0; Win64; x64) AppleWebKit/537.36 (KHTML, like Gecko) Chrome/63.0.3239.132 Safari/537.36"
10.240.1.189 - - [13/Mar/2018:09:04:12 +0000] "GET /phpmyadmin/tbl_structure.php?db=bibliotheek&table=test&token=f7d1685f26269e0484527af86785fe64&ajax_request=true&ajax_page_request=true&menuHashes=5422a10b-a2cf17d3-114e2b84-19611cdc-3e7b4b87-1e8b61ea-c215d40b&_nocache=1520932071869843782 HTTP/1.1" 200 30861 "https://php-mysql-jolicoeur.c9users.io/phpmyadmin/index.php?token=f7d1685f26269e0484527af86785fe64" "Mozilla/5.0 (Windows NT 10.0; Win64; x64) AppleWebKit/537.36 (KHTML, like Gecko) Chrome/63.0.3239.132 Safari/537.36"
10.240.1.189 - - [13/Mar/2018:09:04:12 +0000] "GET /phpmyadmin/index.php?ajax_request=1&recent_table=1&token=f7d1685f26269e0484527af86785fe64 HTTP/1.1" 200 969 "https://php-mysql-jolicoeur.c9users.io/phpmyadmin/index.php?token=f7d1685f26269e0484527af86785fe64" "Mozilla/5.0 (Windows NT 10.0; Win64; x64) AppleWebKit/537.36 (KHTML, like Gecko) Chrome/63.0.3239.132 Safari/537.36"
10.240.1.0 - - [13/Mar/2018:09:04:17 +0000] "GET /phpmyadmin/tbl_structure.php?server=1&db=bibliotheek&table=test&token=f7d1685f26269e0484527af86785fe64&ajax_request=true&ajax_page_request=true&menuHashes=5422a10b-a2cf17d3-114e2b84-19611cdc-3e7b4b87-1e8b61ea-c215d40b&_nocache=1520932076317613625 HTTP/1.1" 200 30863 "https://php-mysql-jolicoeur.c9users.io/phpmyadmin/index.php?token=f7d1685f26269e0484527af86785fe64" "Mozilla/5.0 (Windows NT 10.0; Win64; x64) AppleWebKit/537.36 (KHTML, like Gecko) Chrome/63.0.3239.132 Safari/537.36"
10.240.0.187 - - [13/Mar/2018:09:04:17 +0000] "GET /phpmyadmin/index.php?ajax_request=1&recent_table=1&token=f7d1685f26269e0484527af86785fe64 HTTP/1.1" 200 969 "https://php-mysql-jolicoeur.c9users.io/phpmyadmin/index.php?token=f7d1685f26269e0484527af86785fe64" "Mozilla/5.0 (Windows NT 10.0; Win64; x64) AppleWebKit/537.36 (KHTML, like Gecko) Chrome/63.0.3239.132 Safari/537.36"
10.240.0.88 - - [13/Mar/2018:09:04:19 +0000] "GET /phpmyadmin/tbl_structure.php?server=1&db=bibliotheek&table=test&token=f7d1685f26269e0484527af86785fe64&ajax_request=true&ajax_page_request=true&menuHashes=5422a10b-a2cf17d3-114e2b84-19611cdc-3e7b4b87-1e8b61ea-c215d40b&_nocache=1520932079008587525 HTTP/1.1" 200 30863 "https://php-mysql-jolicoeur.c9users.io/phpmyadmin/index.php?token=f7d1685f26269e0484527af86785fe64" "Mozilla/5.0 (Windows NT 10.0; Win64; x64) AppleWebKit/537.36 (KHTML, like Gecko) Chrome/63.0.3239.132 Safari/537.36"
10.240.0.227 - - [13/Mar/2018:09:04:20 +0000] "GET /phpmyadmin/index.php?ajax_request=1&recent_table=1&token=f7d1685f26269e0484527af86785fe64 HTTP/1.1" 200 969 "https://php-mysql-jolicoeur.c9users.io/phpmyadmin/index.php?token=f7d1685f26269e0484527af86785fe64" "Mozilla/5.0 (Windows NT 10.0; Win64; x64) AppleWebKit/537.36 (KHTML, like Gecko) Chrome/63.0.3239.132 Safari/537.36"
10.240.0.239 - - [13/Mar/2018:09:06:37 +0000] "GET /phpmyadmin/tbl_addfield.php?server=1&db=bibliotheek&table=test&field_where=last&after_field=&token=f7d1685f26269e0484527af86785fe64&ajax_request=true&ajax_page_request=true&menuHashes=5422a10b-a2cf17d3-114e2b84-19611cdc-3e7b4b87-1e8b61ea-c215d40b&_nocache=1520932217015231742 HTTP/1.1" 200 43810 "https://php-mysql-jolicoeur.c9users.io/phpmyadmin/index.php?token=f7d1685f26269e0484527af86785fe64" "Mozilla/5.0 (Windows NT 10.0; Win64; x64) AppleWebKit/537.36 (KHTML, like Gecko) Chrome/63.0.3239.132 Safari/537.36"
10.240.0.90 - - [13/Mar/2018:09:06:38 +0000] "GET /phpmyadmin/index.php?ajax_request=1&recent_table=1&token=f7d1685f26269e0484527af86785fe64 HTTP/1.1" 200 969 "https://php-mysql-jolicoeur.c9users.io/phpmyadmin/index.php?token=f7d1685f26269e0484527af86785fe64" "Mozilla/5.0 (Windows NT 10.0; Win64; x64) AppleWebKit/537.36 (KHTML, like Gecko) Chrome/63.0.3239.132 Safari/537.36"
10.240.0.222 - - [13/Mar/2018:09:07:06 +0000] "POST /phpmyadmin/tbl_addfield.php HTTP/1.1" 200 2916 "https://php-mysql-jolicoeur.c9users.io/phpmyadmin/index.php?token=f7d1685f26269e0484527af86785fe64" "Mozilla/5.0 (Windows NT 10.0; Win64; x64) AppleWebKit/537.36 (KHTML, like Gecko) Chrome/63.0.3239.132 Safari/537.36"
10.240.0.222 - - [13/Mar/2018:09:07:06 +0000] "POST /phpmyadmin/index.php?token=f7d1685f26269e0484527af86785fe64 HTTP/1.1" 200 33984 "https://php-mysql-jolicoeur.c9users.io/phpmyadmin/index.php?token=f7d1685f26269e0484527af86785fe64" "Mozilla/5.0 (Windows NT 10.0; Win64; x64) AppleWebKit/537.36 (KHTML, like Gecko) Chrome/63.0.3239.132 Safari/537.36"
10.240.0.88 - - [13/Mar/2018:09:07:07 +0000] "POST /phpmyadmin/navigation.php?ajax_request=1&token=f7d1685f26269e0484527af86785fe64 HTTP/1.1" 200 17820 "https://php-mysql-jolicoeur.c9users.io/phpmyadmin/index.php?token=f7d1685f26269e0484527af86785fe64" "Mozilla/5.0 (Windows NT 10.0; Win64; x64) AppleWebKit/537.36 (KHTML, like Gecko) Chrome/63.0.3239.132 Safari/537.36"
10.240.0.187 - - [13/Mar/2018:09:07:13 +0000] "GET /phpmyadmin/tbl_addfield.php?server=1&db=bibliotheek&table=test&field_where=last&after_field=&token=f7d1685f26269e0484527af86785fe64&ajax_request=true&ajax_page_request=true&menuHashes=5422a10b-a2cf17d3-114e2b84-19611cdc-3e7b4b87-1e8b61ea-c215d40b&_nocache=1520932253112199000 HTTP/1.1" 200 43810 "https://php-mysql-jolicoeur.c9users.io/phpmyadmin/index.php?token=f7d1685f26269e0484527af86785fe64" "Mozilla/5.0 (Windows NT 10.0; Win64; x64) AppleWebKit/537.36 (KHTML, like Gecko) Chrome/63.0.3239.132 Safari/537.36"
10.240.0.87 - - [13/Mar/2018:09:07:14 +0000] "GET /phpmyadmin/index.php?ajax_request=1&recent_table=1&token=f7d1685f26269e0484527af86785fe64 HTTP/1.1" 200 969 "https://php-mysql-jolicoeur.c9users.io/phpmyadmin/index.php?token=f7d1685f26269e0484527af86785fe64" "Mozilla/5.0 (Windows NT 10.0; Win64; x64) AppleWebKit/537.36 (KHTML, like Gecko) Chrome/63.0.3239.132 Safari/537.36"
